Archive member included to satisfy reference by file (symbol)

c:/software/altera/15.1/nios2eds/bin/gnu/h-x86_64-mingw32/bin/../lib/gcc/nios2-elf/4.9.2\libgcc.a(lib2-divmod.o)
                              obj/default/ff.o (__udivsi3)
c:/software/altera/15.1/nios2eds/bin/gnu/h-x86_64-mingw32/bin/../lib/gcc/nios2-elf/4.9.2/../../../../../H-x86_64-mingw32/nios2-elf/lib\libc.a(lib_a-fopen.o)
                              obj/default/hello_world.o (fopen)
c:/software/altera/15.1/nios2eds/bin/gnu/h-x86_64-mingw32/bin/../lib/gcc/nios2-elf/4.9.2/../../../../../H-x86_64-mingw32/nios2-elf/lib\libc.a(lib_a-fprintf.o)
                              obj/default/hello_world.o (fprintf)
c:/software/altera/15.1/nios2eds/bin/gnu/h-x86_64-mingw32/bin/../lib/gcc/nios2-elf/4.9.2/../../../../../H-x86_64-mingw32/nios2-elf/lib\libc.a(lib_a-fseek.o)
                              c:/software/altera/15.1/nios2eds/bin/gnu/h-x86_64-mingw32/bin/../lib/gcc/nios2-elf/4.9.2/../../../../../H-x86_64-mingw32/nios2-elf/lib\libc.a(lib_a-fopen.o) (_fseek_r)
c:/software/altera/15.1/nios2eds/bin/gnu/h-x86_64-mingw32/bin/../lib/gcc/nios2-elf/4.9.2/../../../../../H-x86_64-mingw32/nios2-elf/lib\libc.a(lib_a-fseeko.o)
                              c:/software/altera/15.1/nios2eds/bin/gnu/h-x86_64-mingw32/bin/../lib/gcc/nios2-elf/4.9.2/../../../../../H-x86_64-mingw32/nios2-elf/lib\libc.a(lib_a-fseek.o) (_fseeko_r)
c:/software/altera/15.1/nios2eds/bin/gnu/h-x86_64-mingw32/bin/../lib/gcc/nios2-elf/4.9.2/../../../../../H-x86_64-mingw32/nios2-elf/lib\libc.a(lib_a-fstatr.o)
                              c:/software/altera/15.1/nios2eds/bin/gnu/h-x86_64-mingw32/bin/../lib/gcc/nios2-elf/4.9.2/../../../../../H-x86_64-mingw32/nios2-elf/lib\libc.a(lib_a-fseeko.o) (_fstat_r)
c:/software/altera/15.1/nios2eds/bin/gnu/h-x86_64-mingw32/bin/../lib/gcc/nios2-elf/4.9.2/../../../../../H-x86_64-mingw32/nios2-elf/lib\libc.a(lib_a-getc.o)
                              obj/default/uart_nios2.o (getc)
c:/software/altera/15.1/nios2eds/bin/gnu/h-x86_64-mingw32/bin/../lib/gcc/nios2-elf/4.9.2/../../../../../H-x86_64-mingw32/nios2-elf/lib\libc.a(lib_a-impure.o)
                              obj/default/uart_nios2.o (_impure_ptr)
c:/software/altera/15.1/nios2eds/bin/gnu/h-x86_64-mingw32/bin/../lib/gcc/nios2-elf/4.9.2/../../../../../H-x86_64-mingw32/nios2-elf/lib\libc.a(lib_a-int_errno.o)
                              c:/software/altera/15.1/nios2eds/bin/gnu/h-x86_64-mingw32/bin/../lib/gcc/nios2-elf/4.9.2/../../../../../H-x86_64-mingw32/nios2-elf/lib\libc.a(lib_a-fstatr.o) (errno)
c:/software/altera/15.1/nios2eds/bin/gnu/h-x86_64-mingw32/bin/../lib/gcc/nios2-elf/4.9.2/../../../../../H-x86_64-mingw32/nios2-elf/lib\libc.a(lib_a-makebuf.o)
                              c:/software/altera/15.1/nios2eds/bin/gnu/h-x86_64-mingw32/bin/../lib/gcc/nios2-elf/4.9.2/../../../../../H-x86_64-mingw32/nios2-elf/lib\libc.a(lib_a-fseeko.o) (__smakebuf_r)
c:/software/altera/15.1/nios2eds/bin/gnu/h-x86_64-mingw32/bin/../lib/gcc/nios2-elf/4.9.2/../../../../../H-x86_64-mingw32/nios2-elf/lib\libc.a(lib_a-mallocr.o)
                              c:/software/altera/15.1/nios2eds/bin/gnu/h-x86_64-mingw32/bin/../lib/gcc/nios2-elf/4.9.2/../../../../../H-x86_64-mingw32/nios2-elf/lib\libc.a(lib_a-makebuf.o) (_malloc_r)
c:/software/altera/15.1/nios2eds/bin/gnu/h-x86_64-mingw32/bin/../lib/gcc/nios2-elf/4.9.2/../../../../../H-x86_64-mingw32/nios2-elf/lib\libc.a(lib_a-memset.o)
                              c:/software/altera/15.1/nios2eds/bin/gnu/h-x86_64-mingw32/bin/../lib/gcc/nios2-elf/4.9.2/../../../../../H-x86_64-mingw32/nios2-elf/lib\libc.a(lib_a-fseeko.o) (memset)
c:/software/altera/15.1/nios2eds/bin/gnu/h-x86_64-mingw32/bin/../lib/gcc/nios2-elf/4.9.2/../../../../../H-x86_64-mingw32/nios2-elf/lib\libc.a(lib_a-openr.o)
                              c:/software/altera/15.1/nios2eds/bin/gnu/h-x86_64-mingw32/bin/../lib/gcc/nios2-elf/4.9.2/../../../../../H-x86_64-mingw32/nios2-elf/lib\libc.a(lib_a-fopen.o) (_open_r)
c:/software/altera/15.1/nios2eds/bin/gnu/h-x86_64-mingw32/bin/../lib/gcc/nios2-elf/4.9.2/../../../../../H-x86_64-mingw32/nios2-elf/lib\libc.a(lib_a-putchar.o)
                              obj/default/uart_nios2.o (putchar)
c:/software/altera/15.1/nios2eds/bin/gnu/h-x86_64-mingw32/bin/../lib/gcc/nios2-elf/4.9.2/../../../../../H-x86_64-mingw32/nios2-elf/lib\libc.a(lib_a-refill.o)
                              c:/software/altera/15.1/nios2eds/bin/gnu/h-x86_64-mingw32/bin/../lib/gcc/nios2-elf/4.9.2/../../../../../H-x86_64-mingw32/nios2-elf/lib\libc.a(lib_a-fseeko.o) (__srefill_r)
c:/software/altera/15.1/nios2eds/bin/gnu/h-x86_64-mingw32/bin/../lib/gcc/nios2-elf/4.9.2/../../../../../H-x86_64-mingw32/nios2-elf/lib\libc.a(lib_a-rget.o)
                              c:/software/altera/15.1/nios2eds/bin/gnu/h-x86_64-mingw32/bin/../lib/gcc/nios2-elf/4.9.2/../../../../../H-x86_64-mingw32/nios2-elf/lib\libc.a(lib_a-getc.o) (__srget_r)
[...]
Memory Configuration

Name             Origin             Length             Attributes
reset            0x0000000000800000 0x0000000000000020
sdram_0          0x0000000000800020 0x00000000007fffe0
*default*        0x0000000000000000 0xffffffffffffffff

Linker script and memory map

LOAD ../Lab2_WAVE_PLAYER_bsp//obj/HAL/src/crt0.o
LOAD obj/default/fatfs.o
LOAD obj/default/fatfs_diskio.o
LOAD obj/default/fatfs_nios2_de0_nano_spi.o
LOAD obj/default/fatfs_nios2_de1_pio.o
LOAD obj/default/fatfs_nios2_de1_spi.o
LOAD obj/default/ff.o
LOAD obj/default/hello_world.o
LOAD obj/default/monitor.o
LOAD obj/default/uart_nios2.o
LOAD c:/software/altera/15.1/nios2eds/bin/gnu/h-x86_64-mingw32/bin/../lib/gcc/nios2-elf/4.9.2/../../../../../H-x86_64-mingw32/nios2-elf/lib\libstdc++.a
LOAD c:/software/altera/15.1/nios2eds/bin/gnu/h-x86_64-mingw32/bin/../lib/gcc/nios2-elf/4.9.2/../../../../../H-x86_64-mingw32/nios2-elf/lib\libm.a
LOAD c:/software/altera/15.1/nios2eds/bin/gnu/h-x86_64-mingw32/bin/../lib/gcc/nios2-elf/4.9.2\libgcc.a
START GROUP
LOAD c:/software/altera/15.1/nios2eds/bin/gnu/h-x86_64-mingw32/bin/../lib/gcc/nios2-elf/4.9.2/../../../../../H-x86_64-mingw32/nios2-elf/lib\libc.a
LOAD c:/software/altera/15.1/nios2eds/bin/gnu/h-x86_64-mingw32/bin/../lib/gcc/nios2-elf/4.9.2\libgcc.a
LOAD ../Lab2_WAVE_PLAYER_bsp/\libhal_bsp.a
LOAD c:/software/altera/15.1/nios2eds/bin/gnu/h-x86_64-mingw32/bin/../lib/gcc/nios2-elf/4.9.2/../../../../../H-x86_64-mingw32/nios2-elf/lib\libm.a
END GROUP
LOAD c:/software/altera/15.1/nios2eds/bin/gnu/h-x86_64-mingw32/bin/../lib/gcc/nios2-elf/4.9.2\libgcc.a
                0x0000000000800000                __alt_mem_sdram_0 = 0x800000

.entry          0x0000000000800000       0x20
 *(.entry)
 .entry         0x0000000000800000       0x20 ../Lab2_WAVE_PLAYER_bsp//obj/HAL/src/crt0.o
                0x0000000000800000                __reset

.exceptions     0x0000000000800020      0x224
                0x0000000000800020                PROVIDE (__ram_exceptions_start, ABSOLUTE (.))
                0x0000000000800020                . = ALIGN (0x20)
 *(.irq)
 *(.exceptions.entry.label)
 .exceptions.entry.label
                0x0000000000800020        0x0 ../Lab2_WAVE_PLAYER_bsp/\libhal_bsp.a(alt_irq_entry.o)
                0x0000000000800020                alt_irq_entry
 .exceptions.entry.label
                0x0000000000800020        0x0 ../Lab2_WAVE_PLAYER_bsp/\libhal_bsp.a(alt_exception_entry.o)
                0x0000000000800020                alt_exception
 *(.exceptions.entry.user)
 *(.exceptions.entry.ecc_fatal)
 *(.exceptions.entry)
 .exceptions.entry
                0x0000000000800020       0x54 ../Lab2_WAVE_PLAYER_bsp/\libhal_bsp.a(alt_exception_entry.o)
 *(.exceptions.irqtest.user)
 *(.exceptions.irqtest)
 .exceptions.irqtest
                0x0000000000800074       0x10 ../Lab2_WAVE_PLAYER_bsp/\libhal_bsp.a(alt_irq_entry.o)
 *(.exceptions.irqhandler.user)
 *(.exceptions.irqhandler)
 .exceptions.irqhandler
                0x0000000000800084        0x4 ../Lab2_WAVE_PLAYER_bsp/\libhal_bsp.a(alt_irq_entry.o)
 *(.exceptions.irqreturn.user)
 *(.exceptions.irqreturn)
 .exceptions.irqreturn
                0x0000000000800088        0x4 ../Lab2_WAVE_PLAYER_bsp/\libhal_bsp.a(alt_irq_entry.o)
 *(.exceptions.notirq.label)
 .exceptions.notirq.label
                0x000000000080008c        0x0 ../Lab2_WAVE_PLAYER_bsp/\libhal_bsp.a(alt_irq_entry.o)
 *(.exceptions.notirq.user)
 *(.exceptions.notirq)
 .exceptions.notirq
                0x000000000080008c        0x8 ../Lab2_WAVE_PLAYER_bsp/\libhal_bsp.a(alt_exception_entry.o)
 *(.exceptions.soft.user)
 *(.exceptions.soft)
 *(.exceptions.unknown.user)
 *(.exceptions.unknown)
 .exceptions.unknown
                0x0000000000800094       0x14 ../Lab2_WAVE_PLAYER_bsp/\libhal_bsp.a(alt_exception_entry.o)
 *(.exceptions.exit.label)
 .exceptions.exit.label
                0x00000000008000a8        0x0 ../Lab2_WAVE_PLAYER_bsp/\libhal_bsp.a(alt_irq_entry.o)
 .exceptions.exit.label
                0x00000000008000a8        0x0 ../Lab2_WAVE_PLAYER_bsp/\libhal_bsp.a(alt_exception_entry.o)
 *(.exceptions.exit.user)
 *(.exceptions.exit)
 .exceptions.exit
                0x00000000008000a8       0x54 ../Lab2_WAVE_PLAYER_bsp/\libhal_bsp.a(alt_exception_entry.o)
 *(.exceptions)
 .exceptions    0x00000000008000fc       0xd4 ../Lab2_WAVE_PLAYER_bsp/\libhal_bsp.a(alt_irq_handler.o)
                0x00000000008000fc                alt_irq_handler
 .exceptions    0x00000000008001d0       0x74 ../Lab2_WAVE_PLAYER_bsp/\libhal_bsp.a(alt_instruction_exception_entry.o)
                0x00000000008001d0                alt_instruction_exception_entry
                0x0000000000800244                PROVIDE (__ram_exceptions_end, ABSOLUTE (.))
                0x0000000000800020                PROVIDE (__flash_exceptions_start, LOADADDR (.exceptions))

.text           0x0000000000800244    0x1ab10
                0x0000000000800244                PROVIDE (stext, ABSOLUTE (.))
 *(.interp)
 *(.hash)
 *(.dynsym)
 *(.dynstr)
 *(.gnu.version)
 *(.gnu.version_d)
 *(.gnu.version_r)
 *(.rel.init)
 *(.rela.init)
 *(.rel.text .rel.text.* .rel.gnu.linkonce.t.*)
 *(.rela.text .rela.text.* .rela.gnu.linkonce.t.*)
 *(.rel.fini)
 *(.rela.fini)
 *(.rel.rodata .rel.rodata.* .rel.gnu.linkonce.r.*)
 *(.rela.rodata .rela.rodata.* .rela.gnu.linkonce.r.*)
 *(.rel.data .rel.data.* .rel.gnu.linkonce.d.*)
 *(.rela.data .rela.data.* .rela.gnu.linkonce.d.*)
 *(.rel.tdata .rel.tdata.* .rel.gnu.linkonce.td.*)
 *(.rela.tdata .rela.tdata.* .rela.gnu.linkonce.td.*)
 *(.rel.tbss .rel.tbss.* .rel.gnu.linkonce.tb.*)
 *(.rela.tbss .rela.tbss.* .rela.gnu.linkonce.tb.*)
 *(.rel.ctors)
 *(.rela.ctors)
 *(.rel.dtors)
 *(.rela.dtors)
 *(.rel.got)
 *(.rela.got)
 *(.rel.sdata .rel.sdata.* .rel.gnu.linkonce.s.*)
 *(.rela.sdata .rela.sdata.* .rela.gnu.linkonce.s.*)
 *(.rel.sbss .rel.sbss.* .rel.gnu.linkonce.sb.*)
 *(.rela.sbss .rela.sbss.* .rela.gnu.linkonce.sb.*)
 *(.rel.sdata2 .rel.sdata2.* .rel.gnu.linkonce.s2.*)
 *(.rela.sdata2 .rela.sdata2.* .rela.gnu.linkonce.s2.*)
 *(.rel.sbss2 .rel.sbss2.* .rel.gnu.linkonce.sb2.*)
 *(.rela.sbss2 .rela.sbss2.* .rela.gnu.linkonce.sb2.*)
 *(.rel.bss .rel.bss.* .rel.gnu.linkonce.b.*)
 *(.rela.bss .rela.bss.* .rela.gnu.linkonce.b.*)
 *(.rel.plt)
 *(.rela.plt)
 *(.rel.dyn)
 *(.init)
 *(.plt)
 *(.text .stub .text.* .gnu.linkonce.t.*)
 .text          0x0000000000800244       0x4c ../Lab2_WAVE_PLAYER_bsp//obj/HAL/src/crt0.o
                0x0000000000800244                _start
 .text          0x0000000000800290       0x24 obj/default/fatfs.o
                0x0000000000800290                ffs_Init
 .text          0x00000000008002b4     0x1294 obj/default/fatfs_diskio.o
                0x0000000000800a34                ffs_DiskIOInit
                0x0000000000800a60                ffs_DiskIOTimerproc
                0x0000000000800b68                ffs_DiskIOInitialize
                0x0000000000800dc4                ffs_DiskIOStatus
                0x0000000000800dec                ffs_DiskIORead
                0x0000000000800f08                ffs_DiskIOWrite
                0x0000000000801074                ffs_DiskIOIoctl
                0x000000000080151c                get_fattime
 .text          0x0000000000801548        0x0 obj/default/fatfs_nios2_de0_nano_spi.o
 .text          0x0000000000801548        0x0 obj/default/fatfs_nios2_de1_pio.o
 .text          0x0000000000801548        0x0 obj/default/fatfs_nios2_de1_spi.o
 .text          0x0000000000801548     0x6aac obj/default/ff.o
                0x0000000000801a8c                clust2sect
                0x0000000000801af8                get_fat
                0x0000000000801d7c                put_fat
                0x0000000000803e8c                f_mount
                0x0000000000803f20                f_open
                0x00000000008043a4                f_read
                0x0000000000804888                f_write
                0x0000000000804e04                f_sync
                0x000000000080508c                f_close
                0x00000000008050d4                f_lseek
                0x00000000008055c0                f_opendir
                0x0000000000805730                f_readdir
                0x0000000000805814                f_stat
                0x00000000008058b4                f_getfree
                0x0000000000805ba0                f_truncate
                0x0000000000805d88                f_unlink
                0x0000000000805fa0                f_mkdir
                0x00000000008063e0                f_chmod
                0x00000000008064e4                f_utime
                0x00000000008065f8                f_rename
                0x000000000080690c                f_mkfs
                0x00000000008077c8                f_gets
                0x0000000000807898                f_putc
                0x000000000080790c                f_puts
                0x00000000008079a4                f_printf
 .text          0x0000000000807ff4     0x1164 obj/default/hello_world.o
                0x0000000000808150                isWav
                0x0000000000808200                setup
                0x00000000008083e8                do_play
                0x0000000000808660                print_playing_helper
                0x0000000000808b38                button_handler
                0x0000000000808bc8                main
 .text          0x0000000000809158      0x978 obj/default/monitor.o
                0x0000000000809158                xatoi
                0x00000000008093dc                xputc
                0x000000000080942c                xputs
                0x0000000000809494                xitoa
                0x000000000080964c                xprintf
                0x00000000008098f8                put_dump
                0x0000000000809a14                get_line
 .text          0x0000000000809ad0       0xb0 obj/default/uart_nios2.o
                0x0000000000809ad0                uart0_init
                0x0000000000809af0                uart0_put
                0x0000000000809b28                uart0_get
 .text          0x0000000000809b80      0x12c c:/software/altera/15.1/nios2eds/bin/gnu/h-x86_64-mingw32/bin/../lib/gcc/nios2-elf/4.9.2\libgcc.a(lib2-divmod.o)
                0x0000000000809bec                __divsi3
                0x0000000000809c40                __modsi3
                0x0000000000809c9c                __udivsi3
                0x0000000000809ca4                __umodsi3
 .text          0x0000000000809cac        0x0 c:/software/altera/15.1/nios2eds/bin/gnu/h-x86_64-mingw32/bin/../lib/gcc/nios2-elf/4.9.2/../../../../../H-x86_64-mingw32/nios2-elf/lib\libc.a(lib_a-fopen.o)
 .text._fopen_r
                0x0000000000809cac       0xf0 c:/software/altera/15.1/nios2eds/bin/gnu/h-x86_64-mingw32/bin/../lib/gcc/nios2-elf/4.9.2/../../../../../H-x86_64-mingw32/nios2-elf/lib\libc.a(lib_a-fopen.o)
                0x0000000000809cac                _fopen_r
 .text.fopen    0x0000000000809d9c       0x1c c:/software/altera/15.1/nios2eds/bin/gnu/h-x86_64-mingw32/bin/../lib/gcc/nios2-elf/4.9.2/../../../../../H-x86_64-mingw32/nios2-elf/lib\libc.a(lib_a-fopen.o)
                0x0000000000809d9c                fopen
 .text          0x0000000000809db8        0x0 c:/software/altera/15.1/nios2eds/bin/gnu/h-x86_64-mingw32/bin/../lib/gcc/nios2-elf/4.9.2/../../../../../H-x86_64-mingw32/nios2-elf/lib\libc.a(lib_a-fprintf.o)
 .text._fprintf_r
                0x0000000000809db8       0x28 c:/software/altera/15.1/nios2eds/bin/gnu/h-x86_64-mingw32/bin/../lib/gcc/nios2-elf/4.9.2/../../../../../H-x86_64-mingw32/nios2-elf/lib\libc.a(lib_a-fprintf.o)
                0x0000000000809db8                _fprintf_r
 .text.fprintf  0x0000000000809de0       0x24 c:/software/altera/15.1/nios2eds/bin/gnu/h-x86_64-mingw32/bin/../lib/gcc/nios2-elf/4.9.2/../../../../../H-x86_64-mingw32/nios2-elf/lib\libc.a(lib_a-fprintf.o)
                0x0000000000809de0                fprintf
 .text          0x0000000000809e04        0x0 c:/software/altera/15.1/nios2eds/bin/gnu/h-x86_64-mingw32/bin/../lib/gcc/nios2-elf/4.9.2/../../../../../H-x86_64-mingw32/nios2-elf/lib\libc.a(lib_a-fseek.o)
 .text._fseek_r
                0x0000000000809e04        0x4 c:/software/altera/15.1/nios2eds/bin/gnu/h-x86_64-mingw32/bin/../lib/gcc/nios2-elf/4.9.2/../../../../../H-x86_64-mingw32/nios2-elf/lib\libc.a(lib_a-fseek.o)
                0x0000000000809e04                _fseek_r
 .text.fseek    0x0000000000809e08       0x24 c:/software/altera/15.1/nios2eds/bin/gnu/h-x86_64-mingw32/bin/../lib/gcc/nios2-elf/4.9.2/../../../../../H-x86_64-mingw32/nios2-elf/lib\libc.a(lib_a-fseek.o)
                0x0000000000809e08                fseek
 .text          0x0000000000809e2c        0x0 c:/software/altera/15.1/nios2eds/bin/gnu/h-x86_64-mingw32/bin/../lib/gcc/nios2-elf/4.9.2/../../../../../H-x86_64-mingw32/nios2-elf/lib\libc.a(lib_a-fseeko.o)
 .text._fseeko_r
                0x0000000000809e2c      0x444 c:/software/altera/15.1/nios2eds/bin/gnu/h-x86_64-mingw32/bin/../lib/gcc/nios2-elf/4.9.2/../../../../../H-x86_64-mingw32/nios2-elf/lib\libc.a(lib_a-fseeko.o)
                0x0000000000809e2c                _fseeko_r
 .text.fseeko   0x000000000080a270       0x24 c:/software/altera/15.1/nios2eds/bin/gnu/h-x86_64-mingw32/bin/../lib/gcc/nios2-elf/4.9.2/../../../../../H-x86_64-mingw32/nios2-elf/lib\libc.a(lib_a-fseeko.o)
                0x000000000080a270                fseeko
 .text          0x000000000080a294        0x0 c:/software/altera/15.1/nios2eds/bin/gnu/h-x86_64-mingw32/bin/../lib/gcc/nios2-elf/4.9.2/../../../../../H-x86_64-mingw32/nios2-elf/lib\libc.a(lib_a-fstatr.o)
 .text._fstat_r
                0x000000000080a294       0x58 c:/software/altera/15.1/nios2eds/bin/gnu/h-x86_64-mingw32/bin/../lib/gcc/nios2-elf/4.9.2/../../../../../H-x86_64-mingw32/nios2-elf/lib\libc.a(lib_a-fstatr.o)
                0x000000000080a294                _fstat_r
 .text          0x000000000080a2ec        0x0 c:/software/altera/15.1/nios2eds/bin/gnu/h-x86_64-mingw32/bin/../lib/gcc/nios2-elf/4.9.2/../../../../../H-x86_64-mingw32/nios2-elf/lib\libc.a(lib_a-getc.o)
 .text._getc_r  0x000000000080a2ec       0x70 c:/software/altera/15.1/nios2eds/bin/gnu/h-x86_64-mingw32/bin/../lib/gcc/nios2-elf/4.9.2/../../../../../H-x86_64-mingw32/nios2-elf/lib\libc.a(lib_a-getc.o)
                0x000000000080a2ec                _getc_r
 .text.getc     0x000000000080a35c       0x88 c:/software/altera/15.1/nios2eds/bin/gnu/h-x86_64-mingw32/bin/../lib/gcc/nios2-elf/4.9.2/../../../../../H-x86_64-mingw32/nios2-elf/lib\libc.a(lib_a-getc.o)
                0x000000000080a35c                getc
 .text          0x000000000080a3e4        0x0 c:/software/altera/15.1/nios2eds/bin/gnu/h-x86_64-mingw32/bin/../lib/gcc/nios2-elf/4.9.2/../../../../../H-x86_64-mingw32/nios2-elf/lib\libc.a(lib_a-impure.o)
 .text          0x000000000080a3e4        0x0 c:/software/altera/15.1/nios2eds/bin/gnu/h-x86_64-mingw32/bin/../lib/gcc/nios2-elf/4.9.2/../../../../../H-x86_64-mingw32/nios2-elf/lib\libc.a(lib_a-int_errno.o)
 .text          0x000000000080a3e4        0x0 c:/software/altera/15.1/nios2eds/bin/gnu/h-x86_64-mingw32/bin/../lib/gcc/nios2-elf/4.9.2/../../../../../H-x86_64-mingw32/nios2-elf/lib\libc.a(lib_a-makebuf.o)
 .text.__smakebuf_r
                0x000000000080a3e4      0x1b8 c:/software/altera/15.1/nios2eds/bin/gnu/h-x86_64-mingw32/bin/../lib/gcc/nios2-elf/4.9.2/../../../../../H-x86_64-mingw32/nios2-elf/lib\libc.a(lib_a-makebuf.o)
                0x000000000080a3e4                __smakebuf_r
 .text          0x000000000080a59c        0x0 c:/software/altera/15.1/nios2eds/bin/gnu/h-x86_64-mingw32/bin/../lib/gcc/nios2-elf/4.9.2/../../../../../H-x86_64-mingw32/nios2-elf/lib\libc.a(lib_a-mallocr.o)
 .text._malloc_r
                0x000000000080a59c      0x7a8 c:/software/altera/15.1/nios2eds/bin/gnu/h-x86_64-mingw32/bin/../lib/gcc/nios2-elf/4.9.2/../../../../../H-x86_64-mingw32/nios2-elf/lib\libc.a(lib_a-mallocr.o)
                0x000000000080a59c                _malloc_r
 .text          0x000000000080ad44        0x0 c:/software/altera/15.1/nios2eds/bin/gnu/h-x86_64-mingw32/bin/../lib/gcc/nios2-elf/4.9.2/../../../../../H-x86_64-mingw32/nios2-elf/lib\libc.a(lib_a-memset.o)
 .text.memset   0x000000000080ad44      0x124 c:/software/altera/15.1/nios2eds/bin/gnu/h-x86_64-mingw32/bin/../lib/gcc/nios2-elf/4.9.2/../../../../../H-x86_64-mingw32/nios2-elf/lib\libc.a(lib_a-memset.o)
                0x000000000080ad44                memset
 .text          0x000000000080ae68        0x0 c:/software/altera/15.1/nios2eds/bin/gnu/h-x86_64-mingw32/bin/../lib/gcc/nios2-elf/4.9.2/../../../../../H-x86_64-mingw32/nios2-elf/lib\libc.a(lib_a-openr.o)
 .text._open_r  0x000000000080ae68       0x5c c:/software/altera/15.1/nios2eds/bin/gnu/h-x86_64-mingw32/bin/../lib/gcc/nios2-elf/4.9.2/../../../../../H-x86_64-mingw32/nios2-elf/lib\libc.a(lib_a-openr.o)
                0x000000000080ae68                _open_r
 .text          0x000000000080aec4        0x0 c:/software/altera/15.1/nios2eds/bin/gnu/h-x86_64-mingw32/bin/../lib/gcc/nios2-elf/4.9.2/../../../../../H-x86_64-mingw32/nios2-elf/lib\libc.a(lib_a-putchar.o)
 .text._putchar_r
                0x000000000080aec4        0x8 c:/software/altera/15.1/nios2eds/bin/gnu/h-x86_64-mingw32/bin/../lib/gcc/nios2-elf/4.9.2/../../../../../H-x86_64-mingw32/nios2-elf/lib\libc.a(lib_a-putchar.o)
                0x000000000080aec4                _putchar_r
 .text.putchar  0x000000000080aecc       0x18 c:/software/altera/15.1/nios2eds/bin/gnu/h-x86_64-mingw32/bin/../lib/gcc/nios2-elf/4.9.2/../../../../../H-x86_64-mingw32/nios2-elf/lib\libc.a(lib_a-putchar.o)
                0x000000000080aecc                putchar
 .text          0x000000000080aee4        0x0 c:/software/altera/15.1/nios2eds/bin/gnu/h-x86_64-mingw32/bin/../lib/gcc/nios2-elf/4.9.2/../../../../../H-x86_64-mingw32/nios2-elf/lib\libc.a(lib_a-refill.o)
 .text.lflush   0x000000000080aee4       0x1c c:/software/altera/15.1/nios2eds/bin/gnu/h-x86_64-mingw32/bin/../lib/gcc/nios2-elf/4.9.2/../../../../../H-x86_64-mingw32/nios2-elf/lib\libc.a(lib_a-refill.o)
 .text.__srefill_r
                0x000000000080af00      0x1d4 c:/software/altera/15.1/nios2eds/bin/gnu/h-x86_64-mingw32/bin/../lib/gcc/nios2-elf/4.9.2/../../../../../H-x86_64-mingw32/nios2-elf/lib\libc.a(lib_a-refill.o)
                0x000000000080af00                __srefill_r
 .text          0x000000000080b0d4        0x0 c:/software/altera/15.1/nios2eds/bin/gnu/h-x86_64-mingw32/bin/../lib/gcc/nios2-elf/4.9.2/../../../../../H-x86_64-mingw32/nios2-elf/lib\libc.a(lib_a-rget.o)
 .text.__srget_r
                0x000000000080b0d4       0x74 c:/software/altera/15.1/nios2eds/bin/gnu/h-x86_64-mingw32/bin/../lib/gcc/nios2-elf/4.9.2/../../../../../H-x86_64-mingw32/nios2-elf/lib\libc.a(lib_a-rget.o)
                0x000000000080b0d4                __srget_r
 .text.__srget  0x000000000080b148       0x14 c:/software/altera/15.1/nios2eds/bin/gnu/h-x86_64-mingw32/bin/../lib/gcc/nios2-elf/4.9.2/../../../../../H-x86_64-mingw32/nios2-elf/lib\libc.a(lib_a-rget.o)
                0x000000000080b148                __srget
 .text          0x000000000080b15c        0x0 c:/software/altera/15.1/nios2eds/bin/gnu/h-x86_64-mingw32/bin/../lib/gcc/nios2-elf/4.9.2/../../../../../H-x86_64-mingw32/nios2-elf/lib\libc.a(lib_a-sbrkr.o)
 .text._sbrk_r  0x000000000080b15c       0x54 c:/software/altera/15.1/nios2eds/bin/gnu/h-x86_64-mingw32/bin/../lib/gcc/nios2-elf/4.9.2/../../../../../H-x86_64-mingw32/nios2-elf/lib\libc.a(lib_a-sbrkr.o)
                0x000000000080b15c                _sbrk_r
 .text          0x000000000080b1b0        0x0 c:/software/altera/15.1/nios2eds/bin/gnu/h-x86_64-mingw32/bin/../lib/gcc/nios2-elf/4.9.2/../../../../../H-x86_64-mingw32/nios2-elf/lib\libc.a(lib_a-stdio.o)
 .text.__sread  0x000000000080b1b0       0x54 c:/software/altera/15.1/nios2eds/bin/gnu/h-x86_64-mingw32/bin/../lib/gcc/nios2-elf/4.9.2/../../../../../H-x86_64-mingw32/nios2-elf/lib\libc.a(lib_a-stdio.o)
                0x000000000080b1b0                __sread
 .text.__seofread
                0x000000000080b204        0x8 c:/software/altera/15.1/nios2eds/bin/gnu/h-x86_64-mingw32/bin/../lib/gcc/nios2-elf/4.9.2/../../../../../H-x86_64-mingw32/nios2-elf/lib\libc.a(lib_a-stdio.o)
                0x000000000080b204                __seofread
 .text.__swrite
                0x000000000080b20c       0x7c c:/software/altera/15.1/nios2eds/bin/gnu/h-x86_64-mingw32/bin/../lib/gcc/nios2-elf/4.9.2/../../../../../H-x86_64-mingw32/nios2-elf/lib\libc.a(lib_a-stdio.o)
                0x000000000080b20c                __swrite
 .text.__sseek  0x000000000080b288       0x5c c:/software/altera/15.1/nios2eds/bin/gnu/h-x86_64-mingw32/bin/../lib/gcc/nios2-elf/4.9.2/../../../../../H-x86_64-mingw32/nios2-elf/lib\libc.a(lib_a-stdio.o)
                0x000000000080b288                __sseek
 .text.__sclose
                0x000000000080b2e4        0x8 c:/software/altera/15.1/nios2eds/bin/gnu/h-x86_64-mingw32/bin/../lib/gcc/nios2-elf/4.9.2/../../../../../H-x86_64-mingw32/nios2-elf/lib\libc.a(lib_a-stdio.o)
                0x000000000080b2e4                __sclose
 .text          0x000000000080b2ec        0x0 c:/software/altera/15.1/nios2eds/bin/gnu/h-x86_64-mingw32/bin/../lib/gcc/nios2-elf/4.9.2/../../../../../H-x86_64-mingw32/nios2-elf/lib\libc.a(lib_a-strcmp.o)
 .text.strcmp   0x000000000080b2ec       0xa4 c:/software/altera/15.1/nios2eds/bin/gnu/h-x86_64-mingw32/bin/../lib/gcc/nios2-elf/4.9.2/../../../../../H-x86_64-mingw32/nios2-elf/lib\libc.a(lib_a-strcmp.o)
                0x000000000080b2ec                strcmp
 .text          0x000000000080b390        0x0 c:/software/altera/15.1/nios2eds/bin/gnu/h-x86_64-mingw32/bin/../lib/gcc/nios2-elf/4.9.2/../../../../../H-x86_64-mingw32/nios2-elf/lib\libc.a(lib_a-strcpy.o)
 .text.strcpy   0x000000000080b390       0x90 c:/software/altera/15.1/nios2eds/bin/gnu/h-x86_64-mingw32/bin/../lib/gcc/nios2-elf/4.9.2/../../../../../H-x86_64-mingw32/nios2-elf/lib\libc.a(lib_a-strcpy.o)
                0x000000000080b390                strcpy
 .text          0x000000000080b420        0x0 c:/software/altera/15.1/nios2eds/bin/gnu/h-x86_64-mingw32/bin/../lib/gcc/nios2-elf/4.9.2/../../../../../H-x86_64-mingw32/nios2-elf/lib\libc.a(lib_a-vfprintf.o)
 .text.___vfprintf_internal_r
                0x000000000080b420     0x1f50 c:/software/altera/15.1/nios2eds/bin/gnu/h-x86_64-mingw32/bin/../lib/gcc/nios2-elf/4.9.2/../../../../../H-x86_64-mingw32/nios2-elf/lib\libc.a(lib_a-vfprintf.o)
                0x000000000080b420                ___vfprintf_internal_r
 .text.__vfprintf_internal
                0x000000000080d370       0x24 c:/software/altera/15.1/nios2eds/bin/gnu/h-x86_64-mingw32/bin/../lib/gcc/nios2-elf/4.9.2/../../../../../H-x86_64-mingw32/nios2-elf/lib\libc.a(lib_a-vfprintf.o)
                0x000000000080d370                __vfprintf_internal
 .text.__sbprintf
                0x000000000080d394       0xbc c:/software/altera/15.1/nios2eds/bin/gnu/h-x86_64-mingw32/bin/../lib/gcc/nios2-elf/4.9.2/../../../../../H-x86_64-mingw32/nios2-elf/lib\libc.a(lib_a-vfprintf.o)
 .text          0x000000000080d450        0x0 c:/software/altera/15.1/nios2eds/bin/gnu/h-x86_64-mingw32/bin/../lib/gcc/nios2-elf/4.9.2/../../../../../H-x86_64-mingw32/nios2-elf/lib\libc.a(lib_a-writer.o)
 .text._write_r
                0x000000000080d450       0x5c c:/software/altera/15.1/nios2eds/bin/gnu/h-x86_64-mingw32/bin/../lib/gcc/nios2-elf/4.9.2/../../../../../H-x86_64-mingw32/nios2-elf/lib\libc.a(lib_a-writer.o)
                0x000000000080d450                _write_r
 .text          0x000000000080d4ac        0x0 c:/software/altera/15.1/nios2eds/bin/gnu/h-x86_64-mingw32/bin/../lib/gcc/nios2-elf/4.9.2/../../../../../H-x86_64-mingw32/nios2-elf/lib\libc.a(lib_a-wsetup.o)
 .text.__swsetup_r
                0x000000000080d4ac      0x154 c:/software/altera/15.1/nios2eds/bin/gnu/h-x86_64-mingw32/bin/../lib/gcc/nios2-elf/4.9.2/../../../../../H-x86_64-mingw32/nios2-elf/lib\libc.a(lib_a-wsetup.o)
                0x000000000080d4ac                __swsetup_r
 .text          0x000000000080d600        0x0 c:/software/altera/15.1/nios2eds/bin/gnu/h-x86_64-mingw32/bin/../lib/gcc/nios2-elf/4.9.2/../../../../../H-x86_64-mingw32/nios2-elf/lib\libc.a(closer.o)
 .text._close_r
                0x000000000080d600       0x54 c:/software/altera/15.1/nios2eds/bin/gnu/h-x86_64-mingw32/bin/../lib/gcc/nios2-elf/4.9.2/../../../../../H-x86_64-mingw32/nios2-elf/lib\libc.a(closer.o)
                0x000000000080d600                _close_r
 .text          0x000000000080d654        0x0 c:/software/altera/15.1/nios2eds/bin/gnu/h-x86_64-mingw32/bin/../lib/gcc/nios2-elf/4.9.2/../../../../../H-x86_64-mingw32/nios2-elf/lib\libc.a(lib_a-dtoa.o)
 .text.quorem   0x000000000080d654      0x200 c:/software/altera/15.1/nios2eds/bin/gnu/h-x86_64-mingw32/bin/../lib/gcc/nios2-elf/4.9.2/../../../../../H-x86_64-mingw32/nios2-elf/lib\libc.a(lib_a-dtoa.o)
 .text._dtoa_r  0x000000000080d854     0x1728 c:/software/altera/15.1/nios2eds/bin/gnu/h-x86_64-mingw32/bin/../lib/gcc/nios2-elf/4.9.2/../../../../../H-x86_64-mingw32/nios2-elf/lib\libc.a(lib_a-dtoa.o)
                0x000000000080d854                _dtoa_r
 .text          0x000000000080ef7c        0x0 c:/software/altera/15.1/nios2eds/bin/gnu/h-x86_64-mingw32/bin/../lib/gcc/nios2-elf/4.9.2/../../../../../H-x86_64-mingw32/nios2-elf/lib\libc.a(lib_a-fflush.o)
 .text.__sflush_r
                0x000000000080ef7c      0x208 c:/software/altera/15.1/nios2eds/bin/gnu/h-x86_64-mingw32/bin/../lib/gcc/nios2-elf/4.9.2/../../../../../H-x86_64-mingw32/nios2-elf/lib\libc.a(lib_a-fflush.o)
                0x000000000080ef7c                __sflush_r
 .text._fflush_r
                0x000000000080f184       0x5c c:/software/altera/15.1/nios2eds/bin/gnu/h-x86_64-mingw32/bin/../lib/gcc/nios2-elf/4.9.2/../../../../../H-x86_64-mingw32/nios2-elf/lib\libc.a(lib_a-fflush.o)
                0x000000000080f184                _fflush_r
 .text.fflush   0x000000000080f1e0       0x30 c:/software/altera/15.1/nios2eds/bin/gnu/h-x86_64-mingw32/bin/../lib/gcc/nios2-elf/4.9.2/../../../../../H-x86_64-mingw32/nios2-elf/lib\libc.a(lib_a-fflush.o)
                0x000000000080f1e0                fflush
 .text          0x000000000080f210        0x0 c:/software/altera/15.1/nios2eds/bin/gnu/h-x86_64-mingw32/bin/../lib/gcc/nios2-elf/4.9.2/../../../../../H-x86_64-mingw32/nios2-elf/lib\libc.a(lib_a-findfp.o)
 .text.__fp_lock
                0x000000000080f210        0x8 c:/software/altera/15.1/nios2eds/bin/gnu/h-x86_64-mingw32/bin/../lib/gcc/nios2-elf/4.9.2/../../../../../H-x86_64-mingw32/nios2-elf/lib\libc.a(lib_a-findfp.o)
 .text.__fp_unlock
                0x000000000080f218        0x8 c:/software/altera/15.1/nios2eds/bin/gnu/h-x86_64-mingw32/bin/../lib/gcc/nios2-elf/4.9.2/../../../../../H-x86_64-mingw32/nios2-elf/lib\libc.a(lib_a-findfp.o)
 .text._cleanup_r
                0x000000000080f220        0xc c:/software/altera/15.1/nios2eds/bin/gnu/h-x86_64-mingw32/bin/../lib/gcc/nios2-elf/4.9.2/../../../../../H-x86_64-mingw32/nios2-elf/lib\libc.a(lib_a-findfp.o)
                0x000000000080f220                _cleanup_r
 .text.__sinit.part.1
                0x000000000080f22c      0x19c c:/software/altera/15.1/nios2eds/bin/gnu/h-x86_64-mingw32/bin/../lib/gcc/nios2-elf/4.9.2/../../../../../H-x86_64-mingw32/nios2-elf/lib\libc.a(lib_a-findfp.o)
 .text.__sfmoreglue
                0x000000000080f3c8       0x68 c:/software/altera/15.1/nios2eds/bin/gnu/h-x86_64-mingw32/bin/../lib/gcc/nios2-elf/4.9.2/../../../../../H-x86_64-mingw32/nios2-elf/lib\libc.a(lib_a-findfp.o)
                0x000000000080f3c8                __sfmoreglue
 .text.__sfp    0x000000000080f430      0x118 c:/software/altera/15.1/nios2eds/bin/gnu/h-x86_64-mingw32/bin/../lib/gcc/nios2-elf/4.9.2/../../../../../H-x86_64-mingw32/nios2-elf/lib\libc.a(lib_a-findfp.o)
                0x000000000080f430                __sfp
 .text._cleanup
                0x000000000080f548       0x18 c:/software/altera/15.1/nios2eds/bin/gnu/h-x86_64-mingw32/bin/../lib/gcc/nios2-elf/4.9.2/../../../../../H-x86_64-mingw32/nios2-elf/lib\libc.a(lib_a-findfp.o)
                0x000000000080f548                _cleanup
 .text.__sinit  0x000000000080f560       0x10 c:/software/altera/15.1/nios2eds/bin/gnu/h-x86_64-mingw32/bin/../lib/gcc/nios2-elf/4.9.2/../../../../../H-x86_64-mingw32/nios2-elf/lib\libc.a(lib_a-findfp.o)
                0x000000000080f560                __sinit
 .text.__sfp_lock_acquire
                0x000000000080f570        0x4 c:/software/altera/15.1/nios2eds/bin/gnu/h-x86_64-mingw32/bin/../lib/gcc/nios2-elf/4.9.2/../../../../../H-x86_64-mingw32/nios2-elf/lib\libc.a(lib_a-findfp.o)
                0x000000000080f570                __sfp_lock_acquire
 .text.__sfp_lock_release
                0x000000000080f574        0x4 c:/software/altera/15.1/nios2eds/bin/gnu/h-x86_64-mingw32/bin/../lib/gcc/nios2-elf/4.9.2/../../../../../H-x86_64-mingw32/nios2-elf/lib\libc.a(lib_a-findfp.o)
                0x000000000080f574                __sfp_lock_release
 .text.__sinit_lock_acquire
                0x000000000080f578        0x4 c:/software/altera/15.1/nios2eds/bin/gnu/h-x86_64-mingw32/bin/../lib/gcc/nios2-elf/4.9.2/../../../../../H-x86_64-mingw32/nios2-elf/lib\libc.a(lib_a-findfp.o)
                0x000000000080f578                __sinit_lock_acquire
 .text.__sinit_lock_release
                0x000000000080f57c        0x4 c:/software/altera/15.1/nios2eds/bin/gnu/h-x86_64-mingw32/bin/../lib/gcc/nios2-elf/4.9.2/../../../../../H-x86_64-mingw32/nios2-elf/lib\libc.a(lib_a-findfp.o)
                0x000000000080f57c                __sinit_lock_release
 .text.__fp_lock_all
                0x000000000080f580       0x18 c:/software/altera/15.1/nios2eds/bin/gnu/h-x86_64-mingw32/bin/../lib/gcc/nios2-elf/4.9.2/../../../../../H-x86_64-mingw32/nios2-elf/lib\libc.a(lib_a-findfp.o)
                0x000000000080f580                __fp_lock_all
 .text.__fp_unlock_all
                0x000000000080f598       0x18 c:/software/altera/15.1/nios2eds/bin/gnu/h-x86_64-mingw32/bin/../lib/gcc/nios2-elf/4.9.2/../../../../../H-x86_64-mingw32/nios2-elf/lib\libc.a(lib_a-findfp.o)
                0x000000000080f598                __fp_unlock_all
 .text          0x000000000080f5b0        0x0 c:/software/altera/15.1/nios2eds/bin/gnu/h-x86_64-mingw32/bin/../lib/gcc/nios2-elf/4.9.2/../../../../../H-x86_64-mingw32/nios2-elf/lib\libc.a(lib_a-flags.o)
 .text.__sflags
                0x000000000080f5b0       0xac c:/software/altera/15.1/nios2eds/bin/gnu/h-x86_64-mingw32/bin/../lib/gcc/nios2-elf/4.9.2/../../../../../H-x86_64-mingw32/nios2-elf/lib\libc.a(lib_a-flags.o)
                0x000000000080f5b0                __sflags
 .text          0x000000000080f65c        0x0 c:/software/altera/15.1/nios2eds/bin/gnu/h-x86_64-mingw32/bin/../lib/gcc/nios2-elf/4.9.2/../../../../../H-x86_64-mingw32/nios2-elf/lib\libc.a(lib_a-freer.o)
 .text._malloc_trim_r
                0x000000000080f65c      0x124 c:/software/altera/15.1/nios2eds/bin/gnu/h-x86_64-mingw32/bin/../lib/gcc/nios2-elf/4.9.2/../../../../../H-x86_64-mingw32/nios2-elf/lib\libc.a(lib_a-freer.o)
                0x000000000080f65c                _malloc_trim_r
 .text._free_r  0x000000000080f780      0x2f0 c:/software/altera/15.1/nios2eds/bin/gnu/h-x86_64-mingw32/bin/../lib/gcc/nios2-elf/4.9.2/../../../../../H-x86_64-mingw32/nios2-elf/lib\libc.a(lib_a-freer.o)
                0x000000000080f780                _free_r
 .text          0x000000000080fa70        0x0 c:/software/altera/15.1/nios2eds/bin/gnu/h-x86_64-mingw32/bin/../lib/gcc/nios2-elf/4.9.2/../../../../../H-x86_64-mingw32/nios2-elf/lib\libc.a(lib_a-fwalk.o)
 .text._fwalk   0x000000000080fa70       0xc4 c:/software/altera/15.1/nios2eds/bin/gnu/h-x86_64-mingw32/bin/../lib/gcc/nios2-elf/4.9.2/../../../../../H-x86_64-mingw32/nios2-elf/lib\libc.a(lib_a-fwalk.o)
                0x000000000080fa70                _fwalk
 .text._fwalk_reent
                0x000000000080fb34       0xc4 c:/software/altera/15.1/nios2eds/bin/gnu/h-x86_64-mingw32/bin/../lib/gcc/nios2-elf/4.9.2/../../../../../H-x86_64-mingw32/nios2-elf/lib\libc.a(lib_a-fwalk.o)
                0x000000000080fb34                _fwalk_reent
 .text          0x000000000080fbf8        0x0 c:/software/altera/15.1/nios2eds/bin/gnu/h-x86_64-mingw32/bin/../lib/gcc/nios2-elf/4.9.2/../../../../../H-x86_64-mingw32/nios2-elf/lib\libc.a(lib_a-isattyr.o)
 .text._isatty_r
                0x000000000080fbf8       0x54 c:/software/altera/15.1/nios2eds/bin/gnu/h-x86_64-mingw32/bin/../lib/gcc/nios2-elf/4.9.2/../../../../../H-x86_64-mingw32/nios2-elf/lib\libc.a(lib_a-isattyr.o)
                0x000000000080fbf8                _isatty_r
 .text          0x000000000080fc4c        0x0 c:/software/altera/15.1/nios2eds/bin/gnu/h-x86_64-mingw32/bin/../lib/gcc/nios2-elf/4.9.2/../../../../../H-x86_64-mingw32/nios2-elf/lib\libc.a(lib_a-locale.o)
 .text._setlocale_r
                0x000000000080fc4c       0x7c c:/software/altera/15.1/nios2eds/bin/gnu/h-x86_64-mingw32/bin/../lib/gcc/nios2-elf/4.9.2/../../../../../H-x86_64-mingw32/nios2-elf/lib\libc.a(lib_a-locale.o)
                0x000000000080fc4c                _setlocale_r
 .text.__locale_charset
                0x000000000080fcc8        0xc c:/software/altera/15.1/nios2eds/bin/gnu/h-x86_64-mingw32/bin/../lib/gcc/nios2-elf/4.9.2/../../../../../H-x86_64-mingw32/nios2-elf/lib\libc.a(lib_a-locale.o)
                0x000000000080fcc8                __locale_charset
 .text.__locale_mb_cur_max
                0x000000000080fcd4       0x10 c:/software/altera/15.1/nios2eds/bin/gnu/h-x86_64-mingw32/bin/../lib/gcc/nios2-elf/4.9.2/../../../../../H-x86_64-mingw32/nios2-elf/lib\libc.a(lib_a-locale.o)
                0x000000000080fcd4                __locale_mb_cur_max
 .text.__locale_msgcharset
                0x000000000080fce4        0xc c:/software/altera/15.1/nios2eds/bin/gnu/h-x86_64-mingw32/bin/../lib/gcc/nios2-elf/4.9.2/../../../../../H-x86_64-mingw32/nios2-elf/lib\libc.a(lib_a-locale.o)
                0x000000000080fce4                __locale_msgcharset
 .text.__locale_cjk_lang
                0x000000000080fcf0        0x8 c:/software/altera/15.1/nios2eds/bin/gnu/h-x86_64-mingw32/bin/../lib/gcc/nios2-elf/4.9.2/../../../../../H-x86_64-mingw32/nios2-elf/lib\libc.a(lib_a-locale.o)
                0x000000000080fcf0                __locale_cjk_lang
 .text._localeconv_r
                0x000000000080fcf8        0xc c:/software/altera/15.1/nios2eds/bin/gnu/h-x86_64-mingw32/bin/../lib/gcc/nios2-elf/4.9.2/../../../../../H-x86_64-mingw32/nios2-elf/lib\libc.a(lib_a-locale.o)
                0x000000000080fcf8                _localeconv_r
 .text.setlocale
                0x000000000080fd04       0x1c c:/software/altera/15.1/nios2eds/bin/gnu/h-x86_64-mingw32/bin/../lib/gcc/nios2-elf/4.9.2/../../../../../H-x86_64-mingw32/nios2-elf/lib\libc.a(lib_a-locale.o)
                0x000000000080fd04                setlocale
 .text.localeconv
                0x000000000080fd20        0xc c:/software/altera/15.1/nios2eds/bin/gnu/h-x86_64-mingw32/bin/../lib/gcc/nios2-elf/4.9.2/../../../../../H-x86_64-mingw32/nios2-elf/lib\libc.a(lib_a-locale.o)
                0x000000000080fd20                localeconv
 .text          0x000000000080fd2c        0x0 c:/software/altera/15.1/nios2eds/bin/gnu/h-x86_64-mingw32/bin/../lib/gcc/nios2-elf/4.9.2/../../../../../H-x86_64-mingw32/nios2-elf/lib\libc.a(lib_a-lseekr.o)
 .text._lseek_r
                0x000000000080fd2c       0x5c c:/software/altera/15.1/nios2eds/bin/gnu/h-x86_64-mingw32/bin/../lib/gcc/nios2-elf/4.9.2/../../../../../H-x86_64-mingw32/nios2-elf/lib\libc.a(lib_a-lseekr.o)
                0x000000000080fd2c                _lseek_r
 .text          0x000000000080fd88        0x0 c:/software/altera/15.1/nios2eds/bin/gnu/h-x86_64-mingw32/bin/../lib/gcc/nios2-elf/4.9.2/../../../../../H-x86_64-mingw32/nios2-elf/lib\libc.a(lib_a-memchr.o)
 .text.memchr   0x000000000080fd88       0xe8 c:/software/altera/15.1/nios2eds/bin/gnu/h-x86_64-mingw32/bin/../lib/gcc/nios2-elf/4.9.2/../../../../../H-x86_64-mingw32/nios2-elf/lib\libc.a(lib_a-memchr.o)
                0x000000000080fd88                memchr
 .text          0x000000000080fe70        0x0 c:/software/altera/15.1/nios2eds/bin/gnu/h-x86_64-mingw32/bin/../lib/gcc/nios2-elf/4.9.2/../../../../../H-x86_64-mingw32/nios2-elf/lib\libc.a(lib_a-memcpy.o)
 .text.memcpy   0x000000000080fe70      0x138 c:/software/altera/15.1/nios2eds/bin/gnu/h-x86_64-mingw32/bin/../lib/gcc/nios2-elf/4.9.2/../../../../../H-x86_64-mingw32/nios2-elf/lib\libc.a(lib_a-memcpy.o)
                0x000000000080fe70                memcpy
 .text          0x000000000080ffa8        0x0 c:/software/altera/15.1/nios2eds/bin/gnu/h-x86_64-mingw32/bin/../lib/gcc/nios2-elf/4.9.2/../../../../../H-x86_64-mingw32/nios2-elf/lib\libc.a(lib_a-mprec.o)
 .text._Balloc  0x000000000080ffa8       0xa8 c:/software/altera/15.1/nios2eds/bin/gnu/h-x86_64-mingw32/bin/../lib/gcc/nios2-elf/4.9.2/../../../../../H-x86_64-mingw32/nios2-elf/lib\libc.a(lib_a-mprec.o)
                0x000000000080ffa8                _Balloc
 .text._Bfree   0x0000000000810050       0x28 c:/software/altera/15.1/nios2eds/bin/gnu/h-x86_64-mingw32/bin/../lib/gcc/nios2-elf/4.9.2/../../../../../H-x86_64-mingw32/nios2-elf/lib\libc.a(lib_a-mprec.o)
                0x0000000000810050                _Bfree
 .text.__multadd
                0x0000000000810078      0x120 c:/software/altera/15.1/nios2eds/bin/gnu/h-x86_64-mingw32/bin/../lib/gcc/nios2-elf/4.9.2/../../../../../H-x86_64-mingw32/nios2-elf/lib\libc.a(lib_a-mprec.o)
                0x0000000000810078                __multadd
 .text.__s2b    0x0000000000810198      0x104 c:/software/altera/15.1/nios2eds/bin/gnu/h-x86_64-mingw32/bin/../lib/gcc/nios2-elf/4.9.2/../../../../../H-x86_64-mingw32/nios2-elf/lib\libc.a(lib_a-mprec.o)
                0x0000000000810198                __s2b
 .text.__hi0bits
                0x000000000081029c       0x68 c:/software/altera/15.1/nios2eds/bin/gnu/h-x86_64-mingw32/bin/../lib/gcc/nios2-elf/4.9.2/../../../../../H-x86_64-mingw32/nios2-elf/lib\libc.a(lib_a-mprec.o)
                0x000000000081029c                __hi0bits
 .text.__lo0bits
                0x0000000000810304       0xb0 c:/software/altera/15.1/nios2eds/bin/gnu/h-x86_64-mingw32/bin/../lib/gcc/nios2-elf/4.9.2/../../../../../H-x86_64-mingw32/nios2-elf/lib\libc.a(lib_a-mprec.o)
                0x0000000000810304                __lo0bits
 .text.__i2b    0x00000000008103b4       0x3c c:/software/altera/15.1/nios2eds/bin/gnu/h-x86_64-mingw32/bin/../lib/gcc/nios2-elf/4.9.2/../../../../../H-x86_64-mingw32/nios2-elf/lib\libc.a(lib_a-mprec.o)
                0x00000000008103b4                __i2b
 .text.__multiply
                0x00000000008103f0      0x1fc c:/software/altera/15.1/nios2eds/bin/gnu/h-x86_64-mingw32/bin/../lib/gcc/nios2-elf/4.9.2/../../../../../H-x86_64-mingw32/nios2-elf/lib\libc.a(lib_a-mprec.o)
                0x00000000008103f0                __multiply
 .text.__pow5mult
                0x00000000008105ec      0x140 c:/software/altera/15.1/nios2eds/bin/gnu/h-x86_64-mingw32/bin/../lib/gcc/nios2-elf/4.9.2/../../../../../H-x86_64-mingw32/nios2-elf/lib\libc.a(lib_a-mprec.o)
                0x00000000008105ec                __pow5mult
 .text.__lshift
                0x000000000081072c      0x150 c:/software/altera/15.1/nios2eds/bin/gnu/h-x86_64-mingw32/bin/../lib/gcc/nios2-elf/4.9.2/../../../../../H-x86_64-mingw32/nios2-elf/lib\libc.a(lib_a-mprec.o)
                0x000000000081072c                __lshift
 .text.__mcmp   0x000000000081087c       0x60 c:/software/altera/15.1/nios2eds/bin/gnu/h-x86_64-mingw32/bin/../lib/gcc/nios2-elf/4.9.2/../../../../../H-x86_64-mingw32/nios2-elf/lib\libc.a(lib_a-mprec.o)
                0x000000000081087c                __mcmp
 .text.__mdiff  0x00000000008108dc      0x198 c:/software/altera/15.1/nios2eds/bin/gnu/h-x86_64-mingw32/bin/../lib/gcc/nios2-elf/4.9.2/../../../../../H-x86_64-mingw32/nios2-elf/lib\libc.a(lib_a-mprec.o)
                0x00000000008108dc                __mdiff
 .text.__ulp    0x0000000000810a74       0x60 c:/software/altera/15.1/nios2eds/bin/gnu/h-x86_64-mingw32/bin/../lib/gcc/nios2-elf/4.9.2/../../../../../H-x86_64-mingw32/nios2-elf/lib\libc.a(lib_a-mprec.o)
                0x0000000000810a74                __ulp
 .text.__b2d    0x0000000000810ad4      0x11c c:/software/altera/15.1/nios2eds/bin/gnu/h-x86_64-mingw32/bin/../lib/gcc/nios2-elf/4.9.2/../../../../../H-x86_64-mingw32/nios2-elf/lib\libc.a(lib_a-mprec.o)
                0x0000000000810ad4                __b2d
 .text.__d2b    0x0000000000810bf0      0x13c c:/software/altera/15.1/nios2eds/bin/gnu/h-x86_64-mingw32/bin/../lib/gcc/nios2-elf/4.9.2/../../../../../H-x86_64-mingw32/nios2-elf/lib\libc.a(lib_a-mprec.o)
                0x0000000000810bf0                __d2b
 .text.__ratio  0x0000000000810d2c       0xa4 c:/software/altera/15.1/nios2eds/bin/gnu/h-x86_64-mingw32/bin/../lib/gcc/nios2-elf/4.9.2/../../../../../H-x86_64-mingw32/nios2-elf/lib\libc.a(lib_a-mprec.o)
                0x0000000000810d2c                __ratio
 .text._mprec_log10
                0x0000000000810dd0       0x74 c:/software/altera/15.1/nios2eds/bin/gnu/h-x86_64-mingw32/bin/../lib/gcc/nios2-elf/4.9.2/../../../../../H-x86_64-mingw32/nios2-elf/lib\libc.a(lib_a-mprec.o)
                0x0000000000810dd0                _mprec_log10
 .text.__copybits
                0x0000000000810e44       0x78 c:/software/altera/15.1/nios2eds/bin/gnu/h-x86_64-mingw32/bin/../lib/gcc/nios2-elf/4.9.2/../../../../../H-x86_64-mingw32/nios2-elf/lib\libc.a(lib_a-mprec.o)
                0x0000000000810e44                __copybits
 .text.__any_on
                0x0000000000810ebc       0x8c c:/software/altera/15.1/nios2eds/bin/gnu/h-x86_64-mingw32/bin/../lib/gcc/nios2-elf/4.9.2/../../../../../H-x86_64-mingw32/nios2-elf/lib\libc.a(lib_a-mprec.o)
                0x0000000000810ebc                __any_on
 .text          0x0000000000810f48        0x0 c:/software/altera/15.1/nios2eds/bin/gnu/h-x86_64-mingw32/bin/../lib/gcc/nios2-elf/4.9.2/../../../../../H-x86_64-mingw32/nios2-elf/lib\libc.a(lib_a-putc.o)
 .text._putc_r  0x0000000000810f48       0xa0 c:/software/altera/15.1/nios2eds/bin/gnu/h-x86_64-mingw32/bin/../lib/gcc/nios2-elf/4.9.2/../../../../../H-x86_64-mingw32/nios2-elf/lib\libc.a(lib_a-putc.o)
                0x0000000000810f48                _putc_r
 .text.putc     0x0000000000810fe8       0xcc c:/software/altera/15.1/nios2eds/bin/gnu/h-x86_64-mingw32/bin/../lib/gcc/nios2-elf/4.9.2/../../../../../H-x86_64-mingw32/nios2-elf/lib\libc.a(lib_a-putc.o)
                0x0000000000810fe8                putc
 .text          0x00000000008110b4        0x0 c:/software/altera/15.1/nios2eds/bin/gnu/h-x86_64-mingw32/bin/../lib/gcc/nios2-elf/4.9.2/../../../../../H-x86_64-mingw32/nios2-elf/lib\libc.a(lib_a-readr.o)
 .text._read_r  0x00000000008110b4       0x5c c:/software/altera/15.1/nios2eds/bin/gnu/h-x86_64-mingw32/bin/../lib/gcc/nios2-elf/4.9.2/../../../../../H-x86_64-mingw32/nios2-elf/lib\libc.a(lib_a-readr.o)
                0x00000000008110b4                _read_r
 .text          0x0000000000811110        0x0 c:/software/altera/15.1/nios2eds/bin/gnu/h-x86_64-mingw32/bin/../lib/gcc/nios2-elf/4.9.2/../../../../../H-x86_64-mingw32/nios2-elf/lib\libc.a(lib_a-s_fpclassify.o)
 .text.__fpclassifyd
                0x0000000000811110       0x74 c:/software/altera/15.1/nios2eds/bin/gnu/h-x86_64-mingw32/bin/../lib/gcc/nios2-elf/4.9.2/../../../../../H-x86_64-mingw32/nios2-elf/lib\libc.a(lib_a-s_fpclassify.o)
                0x0000000000811110                __fpclassifyd
 .text          0x0000000000811184        0x0 c:/software/altera/15.1/nios2eds/bin/gnu/h-x86_64-mingw32/bin/../lib/gcc/nios2-elf/4.9.2/../../../../../H-x86_64-mingw32/nios2-elf/lib\libc.a(lib_a-strlen.o)
 .text.strlen   0x0000000000811184       0x98 c:/software/altera/15.1/nios2eds/bin/gnu/h-x86_64-mingw32/bin/../lib/gcc/nios2-elf/4.9.2/../../../../../H-x86_64-mingw32/nios2-elf/lib\libc.a(lib_a-strlen.o)
                0x0000000000811184                strlen
 .text          0x000000000081121c        0x0 c:/software/altera/15.1/nios2eds/bin/gnu/h-x86_64-mingw32/bin/../lib/gcc/nios2-elf/4.9.2/../../../../../H-x86_64-mingw32/nios2-elf/lib\libc.a(lib_a-vfiprintf.o)
 .text.__sprint_r.part.0
                0x000000000081121c       0xfc c:/software/altera/15.1/nios2eds/bin/gnu/h-x86_64-mingw32/bin/../lib/gcc/nios2-elf/4.9.2/../../../../../H-x86_64-mingw32/nios2-elf/lib\libc.a(lib_a-vfiprintf.o)
 .text.__sprint_r
                0x0000000000811318       0x18 c:/software/altera/15.1/nios2eds/bin/gnu/h-x86_64-mingw32/bin/../lib/gcc/nios2-elf/4.9.2/../../../../../H-x86_64-mingw32/nios2-elf/lib\libc.a(lib_a-vfiprintf.o)
                0x0000000000811318                __sprint_r
 .text.___vfiprintf_internal_r
                0x0000000000811330     0x12d0 c:/software/altera/15.1/nios2eds/bin/gnu/h-x86_64-mingw32/bin/../lib/gcc/nios2-elf/4.9.2/../../../../../H-x86_64-mingw32/nios2-elf/lib\libc.a(lib_a-vfiprintf.o)
                0x0000000000811330                ___vfiprintf_internal_r
 .text.__vfiprintf_internal
                0x0000000000812600       0x24 c:/software/altera/15.1/nios2eds/bin/gnu/h-x86_64-mingw32/bin/../lib/gcc/nios2-elf/4.9.2/../../../../../H-x86_64-mingw32/nios2-elf/lib\libc.a(lib_a-vfiprintf.o)
                0x0000000000812600                __vfiprintf_internal
 .text.__sbprintf
                0x0000000000812624       0xbc c:/software/altera/15.1/nios2eds/bin/gnu/h-x86_64-mingw32/bin/../lib/gcc/nios2-elf/4.9.2/../../../../../H-x86_64-mingw32/nios2-elf/lib\libc.a(lib_a-vfiprintf.o)
 .text          0x00000000008126e0        0x0 c:/software/altera/15.1/nios2eds/bin/gnu/h-x86_64-mingw32/bin/../lib/gcc/nios2-elf/4.9.2/../../../../../H-x86_64-mingw32/nios2-elf/lib\libc.a(lib_a-wbuf.o)
 .text.__swbuf_r
                0x00000000008126e0      0x138 c:/software/altera/15.1/nios2eds/bin/gnu/h-x86_64-mingw32/bin/../lib/gcc/nios2-elf/4.9.2/../../../../../H-x86_64-mingw32/nios2-elf/lib\libc.a(lib_a-wbuf.o)
                0x00000000008126e0                __swbuf_r
 .text.__swbuf  0x0000000000812818       0x1c c:/software/altera/15.1/nios2eds/bin/gnu/h-x86_64-mingw32/bin/../lib/gcc/nios2-elf/4.9.2/../../../../../H-x86_64-mingw32/nios2-elf/lib\libc.a(lib_a-wbuf.o)
                0x0000000000812818                __swbuf
 .text          0x0000000000812834        0x0 c:/software/altera/15.1/nios2eds/bin/gnu/h-x86_64-mingw32/bin/../lib/gcc/nios2-elf/4.9.2/../../../../../H-x86_64-mingw32/nios2-elf/lib\libc.a(lib_a-callocr.o)
 .text._calloc_r
                0x0000000000812834       0xc4 c:/software/altera/15.1/nios2eds/bin/gnu/h-x86_64-mingw32/bin/../lib/gcc/nios2-elf/4.9.2/../../../../../H-x86_64-mingw32/nios2-elf/lib\libc.a(lib_a-callocr.o)
                0x0000000000812834                _calloc_r
 .text          0x00000000008128f8        0x0 c:/software/altera/15.1/nios2eds/bin/gnu/h-x86_64-mingw32/bin/../lib/gcc/nios2-elf/4.9.2/../../../../../H-x86_64-mingw32/nios2-elf/lib\libc.a(lib_a-fclose.o)
 .text._fclose_r
                0x00000000008128f8       0xf0 c:/software/altera/15.1/nios2eds/bin/gnu/h-x86_64-mingw32/bin/../lib/gcc/nios2-elf/4.9.2/../../../../../H-x86_64-mingw32/nios2-elf/lib\libc.a(lib_a-fclose.o)
                0x00000000008128f8                _fclose_r
 .text.fclose   0x00000000008129e8       0x14 c:/software/altera/15.1/nios2eds/bin/gnu/h-x86_64-mingw32/bin/../lib/gcc/nios2-elf/4.9.2/../../../../../H-x86_64-mingw32/nios2-elf/lib\libc.a(lib_a-fclose.o)
                0x00000000008129e8                fclose
 .text          0x00000000008129fc        0x0 c:/software/altera/15.1/nios2eds/bin/gnu/h-x86_64-mingw32/bin/../lib/gcc/nios2-elf/4.9.2/../../../../../H-x86_64-mingw32/nios2-elf/lib\libc.a(lib_a-fputwc.o)
 .text._fputwc_r
                0x00000000008129fc      0x184 c:/software/altera/15.1/nios2eds/bin/gnu/h-x86_64-mingw32/bin/../lib/gcc/nios2-elf/4.9.2/../../../../../H-x86_64-mingw32/nios2-elf/lib\libc.a(lib_a-fputwc.o)
                0x00000000008129fc                _fputwc_r
 .text.fputwc   0x0000000000812b80       0x5c c:/software/altera/15.1/nios2eds/bin/gnu/h-x86_64-mingw32/bin/../lib/gcc/nios2-elf/4.9.2/../../../../../H-x86_64-mingw32/nios2-elf/lib\libc.a(lib_a-fputwc.o)
                0x0000000000812b80                fputwc
 .text          0x0000000000812bdc        0x0 c:/software/altera/15.1/nios2eds/bin/gnu/h-x86_64-mingw32/bin/../lib/gcc/nios2-elf/4.9.2/../../../../../H-x86_64-mingw32/nios2-elf/lib\libc.a(lib_a-fvwrite.o)
 .text.__sfvwrite_r
                0x0000000000812bdc      0x4c0 c:/software/altera/15.1/nios2eds/bin/gnu/h-x86_64-mingw32/bin/../lib/gcc/nios2-elf/4.9.2/../../../../../H-x86_64-mingw32/nios2-elf/lib\libc.a(lib_a-fvwrite.o)
                0x0000000000812bdc                __sfvwrite_r
 .text          0x000000000081309c        0x0 c:/software/altera/15.1/nios2eds/bin/gnu/h-x86_64-mingw32/bin/../lib/gcc/nios2-elf/4.9.2/../../../../../H-x86_64-mingw32/nios2-elf/lib\libc.a(lib_a-memmove.o)
 .text.memmove  0x000000000081309c      0x15c c:/software/altera/15.1/nios2eds/bin/gnu/h-x86_64-mingw32/bin/../lib/gcc/nios2-elf/4.9.2/../../../../../H-x86_64-mingw32/nios2-elf/lib\libc.a(lib_a-memmove.o)
                0x000000000081309c                memmove
 .text          0x00000000008131f8        0x0 c:/software/altera/15.1/nios2eds/bin/gnu/h-x86_64-mingw32/bin/../lib/gcc/nios2-elf/4.9.2/../../../../../H-x86_64-mingw32/nios2-elf/lib\libc.a(lib_a-reallocr.o)
 .text._realloc_r
                0x00000000008131f8      0x568 c:/software/altera/15.1/nios2eds/bin/gnu/h-x86_64-mingw32/bin/../lib/gcc/nios2-elf/4.9.2/../../../../../H-x86_64-mingw32/nios2-elf/lib\libc.a(lib_a-reallocr.o)
                0x00000000008131f8                _realloc_r
 .text          0x0000000000813760        0x0 c:/software/altera/15.1/nios2eds/bin/gnu/h-x86_64-mingw32/bin/../lib/gcc/nios2-elf/4.9.2/../../../../../H-x86_64-mingw32/nios2-elf/lib\libc.a(lib_a-wcrtomb.o)
 .text._wcrtomb_r
                0x0000000000813760       0x9c c:/software/altera/15.1/nios2eds/bin/gnu/h-x86_64-mingw32/bin/../lib/gcc/nios2-elf/4.9.2/../../../../../H-x86_64-mingw32/nios2-elf/lib\libc.a(lib_a-wcrtomb.o)
                0x0000000000813760                _wcrtomb_r
 .text.wcrtomb  0x00000000008137fc       0xc0 c:/software/altera/15.1/nios2eds/bin/gnu/h-x86_64-mingw32/bin/../lib/gcc/nios2-elf/4.9.2/../../../../../H-x86_64-mingw32/nios2-elf/lib\libc.a(lib_a-wcrtomb.o)
                0x00000000008137fc                wcrtomb
 .text          0x00000000008138bc        0x0 c:/software/altera/15.1/nios2eds/bin/gnu/h-x86_64-mingw32/bin/../lib/gcc/nios2-elf/4.9.2/../../../../../H-x86_64-mingw32/nios2-elf/lib\libc.a(lib_a-wctomb_r.o)
 .text.__ascii_wctomb
                0x00000000008138bc       0x30 c:/software/altera/15.1/nios2eds/bin/gnu/h-x86_64-mingw32/bin/../lib/gcc/nios2-elf/4.9.2/../../../../../H-x86_64-mingw32/nios2-elf/lib\libc.a(lib_a-wctomb_r.o)
                0x00000000008138bc                __ascii_wctomb
 .text._wctomb_r
                0x00000000008138ec       0x5c c:/software/altera/15.1/nios2eds/bin/gnu/h-x86_64-mingw32/bin/../lib/gcc/nios2-elf/4.9.2/../../../../../H-x86_64-mingw32/nios2-elf/lib\libc.a(lib_a-wctomb_r.o)
                0x00000000008138ec                _wctomb_r
 .text          0x0000000000813948      0x5c0 c:/software/altera/15.1/nios2eds/bin/gnu/h-x86_64-mingw32/bin/../lib/gcc/nios2-elf/4.9.2\libgcc.a(_udivdi3.o)
                0x0000000000813948                __udivdi3
 .text          0x0000000000813f08      0x590 c:/software/altera/15.1/nios2eds/bin/gnu/h-x86_64-mingw32/bin/../lib/gcc/nios2-elf/4.9.2\libgcc.a(_umoddi3.o)
                0x0000000000813f08                __umoddi3
 .text          0x0000000000814498      0x89c c:/software/altera/15.1/nios2eds/bin/gnu/h-x86_64-mingw32/bin/../lib/gcc/nios2-elf/4.9.2\libgcc.a(adddf3.o)
                0x0000000000814498                __adddf3
 .text          0x0000000000814d34      0x8cc c:/software/altera/15.1/nios2eds/bin/gnu/h-x86_64-mingw32/bin/../lib/gcc/nios2-elf/4.9.2\libgcc.a(divdf3.o)
                0x0000000000814d34                __divdf3
 .text          0x0000000000815600       0x84 c:/software/altera/15.1/nios2eds/bin/gnu/h-x86_64-mingw32/bin/../lib/gcc/nios2-elf/4.9.2\libgcc.a(eqdf2.o)
                0x0000000000815600                __nedf2
                0x0000000000815600                __eqdf2
 .text          0x0000000000815684       0xe0 c:/software/altera/15.1/nios2eds/bin/gnu/h-x86_64-mingw32/bin/../lib/gcc/nios2-elf/4.9.2\libgcc.a(gedf2.o)
                0x0000000000815684                __gedf2
                0x0000000000815684                __gtdf2
 .text          0x0000000000815764       0xe0 c:/software/altera/15.1/nios2eds/bin/gnu/h-x86_64-mingw32/bin/../lib/gcc/nios2-elf/4.9.2\libgcc.a(ledf2.o)
                0x0000000000815764                __ledf2
                0x0000000000815764                __ltdf2
 .text          0x0000000000815844      0x724 c:/software/altera/15.1/nios2eds/bin/gnu/h-x86_64-mingw32/bin/../lib/gcc/nios2-elf/4.9.2\libgcc.a(muldf3.o)
                0x0000000000815844                __muldf3
 .text          0x0000000000815f68      0x8d0 c:/software/altera/15.1/nios2eds/bin/gnu/h-x86_64-mingw32/bin/../lib/gcc/nios2-elf/4.9.2\libgcc.a(subdf3.o)
                0x0000000000815f68                __subdf3
 .text          0x0000000000816838       0x88 c:/software/altera/15.1/nios2eds/bin/gnu/h-x86_64-mingw32/bin/../lib/gcc/nios2-elf/4.9.2\libgcc.a(fixdfsi.o)
                0x0000000000816838                __fixdfsi
 .text          0x00000000008168c0       0xd0 c:/software/altera/15.1/nios2eds/bin/gnu/h-x86_64-mingw32/bin/../lib/gcc/nios2-elf/4.9.2\libgcc.a(floatsidf.o)
                0x00000000008168c0                __floatsidf
 .text          0x0000000000816990       0xa4 c:/software/altera/15.1/nios2eds/bin/gnu/h-x86_64-mingw32/bin/../lib/gcc/nios2-elf/4.9.2\libgcc.a(floatunsidf.o)
                0x0000000000816990                __floatunsidf
 .text          0x0000000000816a34        0x0 c:/software/altera/15.1/nios2eds/bin/gnu/h-x86_64-mingw32/bin/../lib/gcc/nios2-elf/4.9.2\libgcc.a(_clz.o)
 .text          0x0000000000816a34       0x64 c:/software/altera/15.1/nios2eds/bin/gnu/h-x86_64-mingw32/bin/../lib/gcc/nios2-elf/4.9.2\libgcc.a(_clzsi2.o)
                0x0000000000816a34                __clzsi2
 .text          0x0000000000816a98      0x140 ../Lab2_WAVE_PLAYER_bsp/\libhal_bsp.a(alt_alarm_start.o)
                0x0000000000816a98                alt_alarm_start
 .text          0x0000000000816bd8      0x120 ../Lab2_WAVE_PLAYER_bsp/\libhal_bsp.a(alt_close.o)
                0x0000000000816c28                close
 .text          0x0000000000816cf8       0x2c ../Lab2_WAVE_PLAYER_bsp/\libhal_bsp.a(alt_dev.o)
 .text          0x0000000000816d24        0x0 ../Lab2_WAVE_PLAYER_bsp/\libhal_bsp.a(alt_errno.o)
 .text          0x0000000000816d24      0x100 ../Lab2_WAVE_PLAYER_bsp/\libhal_bsp.a(alt_fstat.o)
                0x0000000000816d74                fstat
 .text          0x0000000000816e24      0x1b0 ../Lab2_WAVE_PLAYER_bsp/\libhal_bsp.a(alt_irq_register.o)
                0x0000000000816e24                alt_irq_register
 .text          0x0000000000816fd4        0x0 ../Lab2_WAVE_PLAYER_bsp/\libhal_bsp.a(alt_irq_vars.o)
 .text          0x0000000000816fd4       0xf4 ../Lab2_WAVE_PLAYER_bsp/\libhal_bsp.a(alt_isatty.o)
                0x0000000000817024                isatty
 .text          0x00000000008170c8       0xe4 ../Lab2_WAVE_PLAYER_bsp/\libhal_bsp.a(alt_load.o)
                0x000000000081712c                alt_load
 .text          0x00000000008171ac      0x124 ../Lab2_WAVE_PLAYER_bsp/\libhal_bsp.a(alt_lseek.o)
                0x00000000008171fc                lseek
 .text          0x00000000008172d0       0x78 ../Lab2_WAVE_PLAYER_bsp/\libhal_bsp.a(alt_main.o)
                0x00000000008172d0                alt_main
 .text          0x0000000000817348       0x40 ../Lab2_WAVE_PLAYER_bsp/\libhal_bsp.a(alt_malloc_lock.o)
                0x0000000000817348                __malloc_lock
                0x0000000000817368                __malloc_unlock
 .text          0x0000000000817388      0x274 ../Lab2_WAVE_PLAYER_bsp/\libhal_bsp.a(alt_open.o)
                0x00000000008174a4                open
 .text          0x00000000008175fc      0x228 ../Lab2_WAVE_PLAYER_bsp/\libhal_bsp.a(alt_printf.o)
                0x00000000008175fc                alt_printf
 .text          0x0000000000817824       0x44 ../Lab2_WAVE_PLAYER_bsp/\libhal_bsp.a(alt_putchar.o)
                0x0000000000817824                alt_putchar
 .text          0x0000000000817868      0x14c ../Lab2_WAVE_PLAYER_bsp/\libhal_bsp.a(alt_read.o)
                0x00000000008178b8                read
 .text          0x00000000008179b4       0x60 ../Lab2_WAVE_PLAYER_bsp/\libhal_bsp.a(alt_release_fd.o)
                0x00000000008179b4                alt_release_fd
 .text          0x0000000000817a14       0xb0 ../Lab2_WAVE_PLAYER_bsp/\libhal_bsp.a(alt_sbrk.o)
                0x0000000000817a14                sbrk
 .text          0x0000000000817ac4      0x19c ../Lab2_WAVE_PLAYER_bsp/\libhal_bsp.a(alt_tick.o)
                0x0000000000817ac4                alt_alarm_stop
                0x0000000000817b5c                alt_tick
 .text          0x0000000000817c60      0x148 ../Lab2_WAVE_PLAYER_bsp/\libhal_bsp.a(alt_write.o)
                0x0000000000817cb0                write
 .text          0x0000000000817da8      0x108 ../Lab2_WAVE_PLAYER_bsp/\libhal_bsp.a(alt_sys_init.o)
                0x0000000000817de0                alt_irq_init
                0x0000000000817e14                alt_sys_init
 .text          0x0000000000817eb0       0xc0 ../Lab2_WAVE_PLAYER_bsp/\libhal_bsp.a(altera_avalon_jtag_uart_fd.o)
                0x0000000000817eb0                altera_avalon_jtag_uart_read_fd
                0x0000000000817f10                altera_avalon_jtag_uart_write_fd
 .text          0x0000000000817f70       0xe4 ../Lab2_WAVE_PLAYER_bsp/\libhal_bsp.a(altera_avalon_jtag_uart_read.o)
                0x0000000000817f70                altera_avalon_jtag_uart_read
 .text          0x0000000000818054       0x94 ../Lab2_WAVE_PLAYER_bsp/\libhal_bsp.a(altera_avalon_jtag_uart_write.o)
                0x0000000000818054                altera_avalon_jtag_uart_write
 .text          0x00000000008180e8      0xe70 ../Lab2_WAVE_PLAYER_bsp/\libhal_bsp.a(altera_avalon_lcd_16207.o)
                0x000000000081888c                altera_avalon_lcd_16207_write
                0x0000000000818e20                altera_avalon_lcd_16207_init
 .text          0x0000000000818f58       0x60 ../Lab2_WAVE_PLAYER_bsp/\libhal_bsp.a(altera_avalon_lcd_16207_fd.o)
                0x0000000000818f58                altera_avalon_lcd_16207_write_fd
 .text          0x0000000000818fb8       0xf8 ../Lab2_WAVE_PLAYER_bsp/\libhal_bsp.a(altera_avalon_timer_sc.o)
                0x0000000000819030                alt_avalon_timer_sc_init
 .text          0x00000000008190b0      0x110 ../Lab2_WAVE_PLAYER_bsp/\libhal_bsp.a(altera_avalon_uart_fd.o)
                0x00000000008190b0                altera_avalon_uart_read_fd
                0x0000000000819110                altera_avalon_uart_write_fd
                0x0000000000819170                altera_avalon_uart_close_fd
 .text          0x00000000008191c0      0x3b4 ../Lab2_WAVE_PLAYER_bsp/\libhal_bsp.a(altera_avalon_uart_init.o)
                0x00000000008191c0                altera_avalon_uart_init
                0x0000000000819520                altera_avalon_uart_close
 .text          0x0000000000819574      0x22c ../Lab2_WAVE_PLAYER_bsp/\libhal_bsp.a(altera_avalon_uart_read.o)
                0x00000000008195c4                altera_avalon_uart_read
 .text          0x00000000008197a0      0x1fc ../Lab2_WAVE_PLAYER_bsp/\libhal_bsp.a(altera_avalon_uart_write.o)
                0x00000000008197f0                altera_avalon_uart_write
 .text          0x000000000081999c      0x794 ../Lab2_WAVE_PLAYER_bsp/\libhal_bsp.a(altera_up_avalon_audio.o)
                0x000000000081999c                alt_up_audio_open_dev
                0x00000000008199dc                alt_up_audio_enable_read_interrupt
                0x0000000000819a2c                alt_up_audio_disable_read_interrupt
                0x0000000000819a80                alt_up_audio_enable_write_interrupt
                0x0000000000819ad0                alt_up_audio_disable_write_interrupt
                0x0000000000819b24                alt_up_audio_read_interrupt_pending
                0x0000000000819b64                alt_up_audio_write_interrupt_pending
                0x0000000000819ba4                alt_up_audio_reset_audio_core
                0x0000000000819c34                alt_up_audio_read_fifo_avail
                0x0000000000819c94                alt_up_audio_record_r
                0x0000000000819cfc                alt_up_audio_record_l
                0x0000000000819d64                alt_up_audio_write_fifo_space
                0x0000000000819dc4                alt_up_audio_play_r
                0x0000000000819e2c                alt_up_audio_play_l
                0x0000000000819e94                alt_up_audio_read_fifo
                0x0000000000819f74                alt_up_audio_write_fifo
                0x000000000081a07c                alt_up_audio_read_fifo_head
                0x000000000081a0cc                alt_up_audio_write_fifo_head
 .text          0x000000000081a130       0x44 ../Lab2_WAVE_PLAYER_bsp/\libhal_bsp.a(alt_dcache_flush_all.o)
                0x000000000081a130                alt_dcache_flush_all
 .text          0x000000000081a174       0xf4 ../Lab2_WAVE_PLAYER_bsp/\libhal_bsp.a(alt_dev_llist_insert.o)
                0x000000000081a1c4                alt_dev_llist_insert
 .text          0x000000000081a268       0x5c ../Lab2_WAVE_PLAYER_bsp/\libhal_bsp.a(alt_do_ctors.o)
                0x000000000081a268                _do_ctors
 .text          0x000000000081a2c4       0x5c ../Lab2_WAVE_PLAYER_bsp/\libhal_bsp.a(alt_do_dtors.o)
                0x000000000081a2c4                _do_dtors
 .text          0x000000000081a320       0x90 ../Lab2_WAVE_PLAYER_bsp/\libhal_bsp.a(alt_find_dev.o)
                0x000000000081a320                alt_find_dev
 .text          0x000000000081a3b0      0x114 ../Lab2_WAVE_PLAYER_bsp/\libhal_bsp.a(alt_find_file.o)
                0x000000000081a3b0                alt_find_file
 .text          0x000000000081a4c4       0xb4 ../Lab2_WAVE_PLAYER_bsp/\libhal_bsp.a(alt_get_fd.o)
                0x000000000081a4c4                alt_get_fd
 .text          0x000000000081a578       0x30 ../Lab2_WAVE_PLAYER_bsp/\libhal_bsp.a(alt_icache_flush_all.o)
                0x000000000081a578                alt_icache_flush_all
 .text          0x000000000081a5a8      0x138 ../Lab2_WAVE_PLAYER_bsp/\libhal_bsp.a(alt_io_redirect.o)
                0x000000000081a668                alt_io_redirect
 .text          0x000000000081a6e0        0x0 ../Lab2_WAVE_PLAYER_bsp/\libhal_bsp.a(alt_irq_entry.o)
 .text          0x000000000081a6e0        0x0 ../Lab2_WAVE_PLAYER_bsp/\libhal_bsp.a(alt_irq_handler.o)
 .text          0x000000000081a6e0       0x30 ../Lab2_WAVE_PLAYER_bsp/\libhal_bsp.a(alt_usleep.o)
                0x000000000081a6e0                usleep
 .text          0x000000000081a710       0x20 ../Lab2_WAVE_PLAYER_bsp/\libhal_bsp.a(altera_nios2_gen2_irq.o)
                0x000000000081a710                altera_nios2_gen2_irq_init
 .text          0x000000000081a730      0x158 ../Lab2_WAVE_PLAYER_bsp/\libhal_bsp.a(alt_busy_sleep.o)
                0x000000000081a730                alt_busy_sleep
 .text          0x000000000081a888        0x0 ../Lab2_WAVE_PLAYER_bsp/\libhal_bsp.a(alt_exception_entry.o)
 .text          0x000000000081a888       0x8c ../Lab2_WAVE_PLAYER_bsp/\libhal_bsp.a(alt_icache_flush.o)
                0x000000000081a888                alt_icache_flush
 .text          0x000000000081a914       0x9c ../Lab2_WAVE_PLAYER_bsp/\libhal_bsp.a(alt_instruction_exception_entry.o)
                0x000000000081a914                alt_exception_cause_generated_bad_addr
 .text          0x000000000081a9b0        0x0 c:/software/altera/15.1/nios2eds/bin/gnu/h-x86_64-mingw32/bin/../lib/gcc/nios2-elf/4.9.2/../../../../../H-x86_64-mingw32/nios2-elf/lib\libc.a(lib_a-atexit.o)
 .text.atexit   0x000000000081a9b0       0x14 c:/software/altera/15.1/nios2eds/bin/gnu/h-x86_64-mingw32/bin/../lib/gcc/nios2-elf/4.9.2/../../../../../H-x86_64-mingw32/nios2-elf/lib\libc.a(lib_a-atexit.o)
                0x000000000081a9b0                atexit
 .text          0x000000000081a9c4        0x0 c:/software/altera/15.1/nios2eds/bin/gnu/h-x86_64-mingw32/bin/../lib/gcc/nios2-elf/4.9.2/../../../../../H-x86_64-mingw32/nios2-elf/lib\libc.a(lib_a-ctype_.o)
 .text          0x000000000081a9c4        0x0 c:/software/altera/15.1/nios2eds/bin/gnu/h-x86_64-mingw32/bin/../lib/gcc/nios2-elf/4.9.2/../../../../../H-x86_64-mingw32/nios2-elf/lib\libc.a(lib_a-exit.o)
 .text.exit     0x000000000081a9c4       0x38 c:/software/altera/15.1/nios2eds/bin/gnu/h-x86_64-mingw32/bin/../lib/gcc/nios2-elf/4.9.2/../../../../../H-x86_64-mingw32/nios2-elf/lib\libc.a(lib_a-exit.o)
                0x000000000081a9c4                exit
 .text          0x000000000081a9fc        0x0 c:/software/altera/15.1/nios2eds/bin/gnu/h-x86_64-mingw32/bin/../lib/gcc/nios2-elf/4.9.2/../../../../../H-x86_64-mingw32/nios2-elf/lib\libc.a(lib_a-memcmp.o)
 .text.memcmp   0x000000000081a9fc       0x7c c:/software/altera/15.1/nios2eds/bin/gnu/h-x86_64-mingw32/bin/../lib/gcc/nios2-elf/4.9.2/../../../../../H-x86_64-mingw32/nios2-elf/lib\libc.a(lib_a-memcmp.o)
                0x000000000081a9fc                memcmp
 .text          0x000000000081aa78        0x0 c:/software/altera/15.1/nios2eds/bin/gnu/h-x86_64-mingw32/bin/../lib/gcc/nios2-elf/4.9.2/../../../../../H-x86_64-mingw32/nios2-elf/lib\libc.a(lib_a-__atexit.o)
 .text.__register_exitproc
                0x000000000081aa78      0x114 c:/software/altera/15.1/nios2eds/bin/gnu/h-x86_64-mingw32/bin/../lib/gcc/nios2-elf/4.9.2/../../../../../H-x86_64-mingw32/nios2-elf/lib\libc.a(lib_a-__atexit.o)
                0x000000000081aa78                __register_exitproc
 .text          0x000000000081ab8c        0x0 c:/software/altera/15.1/nios2eds/bin/gnu/h-x86_64-mingw32/bin/../lib/gcc/nios2-elf/4.9.2/../../../../../H-x86_64-mingw32/nios2-elf/lib\libc.a(lib_a-__call_atexit.o)
 .text.__call_exitprocs
                0x000000000081ab8c      0x194 c:/software/altera/15.1/nios2eds/bin/gnu/h-x86_64-mingw32/bin/../lib/gcc/nios2-elf/4.9.2/../../../../../H-x86_64-mingw32/nios2-elf/lib\libc.a(lib_a-__call_atexit.o)
                0x000000000081ab8c                __call_exitprocs
 .text          0x000000000081ad20       0x34 ../Lab2_WAVE_PLAYER_bsp/\libhal_bsp.a(alt_exit.o)
                0x000000000081ad20                _exit
 *(.gnu.warning.*)
 *(.fini)
                0x000000000081ad54                PROVIDE (__etext, ABSOLUTE (.))
                0x000000000081ad54                PROVIDE (_etext, ABSOLUTE (.))
                0x000000000081ad54                PROVIDE (etext, ABSOLUTE (.))
 *(.eh_frame_hdr)
                0x000000000081ad54                . = ALIGN (0x4)
                0x000000000081ad54                PROVIDE (__preinit_array_start, ABSOLUTE (.))
 *(.preinit_array)
                0x000000000081ad54                PROVIDE (__preinit_array_end, ABSOLUTE (.))
                0x000000000081ad54                PROVIDE (__init_array_start, ABSOLUTE (.))
 *(.init_array)
                0x000000000081ad54                PROVIDE (__init_array_end, ABSOLUTE (.))
                0x000000000081ad54                PROVIDE (__fini_array_start, ABSOLUTE (.))
 *(.fini_array)
                0x000000000081ad54                PROVIDE (__fini_array_end, ABSOLUTE (.))
 *(.eh_frame)
 *(.gcc_except_table .gcc_except_table.*)
 *(.dynamic)
                0x000000000081ad54                PROVIDE (__CTOR_LIST__, ABSOLUTE (.))
 *(.ctors)
 *(SORT(.ctors.*))
                0x000000000081ad54                PROVIDE (__CTOR_END__, ABSOLUTE (.))
                0x000000000081ad54                PROVIDE (__DTOR_LIST__, ABSOLUTE (.))
 *(.dtors)
 *(SORT(.dtors.*))
                0x000000000081ad54                PROVIDE (__DTOR_END__, ABSOLUTE (.))
 *(.jcr)
                0x000000000081ad54                . = ALIGN (0x4)

.rodata         0x000000000081ad54      0x8d8
                0x000000000081ad54                PROVIDE (__ram_rodata_start, ABSOLUTE (.))
                0x000000000081ad54                . = ALIGN (0x4)
 *(.rodata .rodata.* .gnu.linkonce.r.*)
 .rodata        0x000000000081ad54       0xf0 obj/default/ff.o
 .rodata        0x000000000081ae44      0x214 obj/default/hello_world.o
 .rodata        0x000000000081b058       0x10 obj/default/monitor.o
 .rodata.str1.4
                0x000000000081b068        0x2 c:/software/altera/15.1/nios2eds/bin/gnu/h-x86_64-mingw32/bin/../lib/gcc/nios2-elf/4.9.2/../../../../../H-x86_64-mingw32/nios2-elf/lib\libc.a(lib_a-impure.o)
                                          0x4 (size before relaxing)
 *fill*         0x000000000081b06a        0x2 
 .rodata.str1.4
                0x000000000081b06c       0x42 c:/software/altera/15.1/nios2eds/bin/gnu/h-x86_64-mingw32/bin/../lib/gcc/nios2-elf/4.9.2/../../../../../H-x86_64-mingw32/nios2-elf/lib\libc.a(lib_a-vfprintf.o)
                                         0x44 (size before relaxing)
 .rodata.zeroes.4255
                0x000000000081b0ae       0x10 c:/software/altera/15.1/nios2eds/bin/gnu/h-x86_64-mingw32/bin/../lib/gcc/nios2-elf/4.9.2/../../../../../H-x86_64-mingw32/nios2-elf/lib\libc.a(lib_a-vfprintf.o)
 .rodata.blanks.4254
                0x000000000081b0be       0x10 c:/software/altera/15.1/nios2eds/bin/gnu/h-x86_64-mingw32/bin/../lib/gcc/nios2-elf/4.9.2/../../../../../H-x86_64-mingw32/nios2-elf/lib\libc.a(lib_a-vfprintf.o)
 *fill*         0x000000000081b0ce        0x2 
 .rodata.str1.4
                0x000000000081b0d0       0x10 c:/software/altera/15.1/nios2eds/bin/gnu/h-x86_64-mingw32/bin/../lib/gcc/nios2-elf/4.9.2/../../../../../H-x86_64-mingw32/nios2-elf/lib\libc.a(lib_a-dtoa.o)
                                         0x14 (size before relaxing)
 .rodata.str1.4
                0x000000000081b0e0        0xc c:/software/altera/15.1/nios2eds/bin/gnu/h-x86_64-mingw32/bin/../lib/gcc/nios2-elf/4.9.2/../../../../../H-x86_64-mingw32/nios2-elf/lib\libc.a(lib_a-locale.o)
                                         0x14 (size before relaxing)
 .rodata.p05.2710
                0x000000000081b0ec        0xc c:/software/altera/15.1/nios2eds/bin/gnu/h-x86_64-mingw32/bin/../lib/gcc/nios2-elf/4.9.2/../../../../../H-x86_64-mingw32/nios2-elf/lib\libc.a(lib_a-mprec.o)
 .rodata.__mprec_tinytens
                0x000000000081b0f8       0x28 c:/software/altera/15.1/nios2eds/bin/gnu/h-x86_64-mingw32/bin/../lib/gcc/nios2-elf/4.9.2/../../../../../H-x86_64-mingw32/nios2-elf/lib\libc.a(lib_a-mprec.o)
                0x000000000081b0f8                __mprec_tinytens
 .rodata.__mprec_bigtens
                0x000000000081b120       0x28 c:/software/altera/15.1/nios2eds/bin/gnu/h-x86_64-mingw32/bin/../lib/gcc/nios2-elf/4.9.2/../../../../../H-x86_64-mingw32/nios2-elf/lib\libc.a(lib_a-mprec.o)
                0x000000000081b120                __mprec_bigtens
 .rodata.__mprec_tens
                0x000000000081b148       0xc8 c:/software/altera/15.1/nios2eds/bin/gnu/h-x86_64-mingw32/bin/../lib/gcc/nios2-elf/4.9.2/../../../../../H-x86_64-mingw32/nios2-elf/lib\libc.a(lib_a-mprec.o)
                0x000000000081b148                __mprec_tens
 .rodata.str1.4
                0x0000000000000000       0x30 c:/software/altera/15.1/nios2eds/bin/gnu/h-x86_64-mingw32/bin/../lib/gcc/nios2-elf/4.9.2/../../../../../H-x86_64-mingw32/nios2-elf/lib\libc.a(lib_a-vfiprintf.o)
 .rodata.zeroes.4200
                0x000000000081b210       0x10 c:/software/altera/15.1/nios2eds/bin/gnu/h-x86_64-mingw32/bin/../lib/gcc/nios2-elf/4.9.2/../../../../../H-x86_64-mingw32/nios2-elf/lib\libc.a(lib_a-vfiprintf.o)
 .rodata.blanks.4199
                0x000000000081b220       0x10 c:/software/altera/15.1/nios2eds/bin/gnu/h-x86_64-mingw32/bin/../lib/gcc/nios2-elf/4.9.2/../../../../../H-x86_64-mingw32/nios2-elf/lib\libc.a(lib_a-vfiprintf.o)
 .rodata        0x000000000081b230      0x100 c:/software/altera/15.1/nios2eds/bin/gnu/h-x86_64-mingw32/bin/../lib/gcc/nios2-elf/4.9.2\libgcc.a(_clz.o)
                0x000000000081b230                __clz_tab
 .rodata        0x000000000081b330        0xc ../Lab2_WAVE_PLAYER_bsp/\libhal_bsp.a(alt_dev.o)
 .rodata        0x000000000081b33c       0x14 ../Lab2_WAVE_PLAYER_bsp/\libhal_bsp.a(alt_main.o)
 .rodata        0x000000000081b350       0x58 ../Lab2_WAVE_PLAYER_bsp/\libhal_bsp.a(alt_sys_init.o)
 .rodata._ctype_
                0x000000000081b3a8      0x101 c:/software/altera/15.1/nios2eds/bin/gnu/h-x86_64-mingw32/bin/../lib/gcc/nios2-elf/4.9.2/../../../../../H-x86_64-mingw32/nios2-elf/lib\libc.a(lib_a-ctype_.o)
                0x000000000081b3a8                _ctype_
 .rodata._ctype_b
                0x000000000081b4a9      0x180 c:/software/altera/15.1/nios2eds/bin/gnu/h-x86_64-mingw32/bin/../lib/gcc/nios2-elf/4.9.2/../../../../../H-x86_64-mingw32/nios2-elf/lib\libc.a(lib_a-ctype_.o)
 *(.rodata1)
                0x000000000081b62c                . = ALIGN (0x4)
 *fill*         0x000000000081b629        0x3 
                0x000000000081b62c                PROVIDE (__ram_rodata_end, ABSOLUTE (.))
                0x000000000081ad54                PROVIDE (__flash_rodata_start, LOADADDR (.rodata))

.rwdata         0x000000000081b62c      0xd0c load address 0x000000000081c338
                0x000000000081b62c                PROVIDE (__ram_rwdata_start, ABSOLUTE (.))
                0x000000000081b62c                . = ALIGN (0x4)
 *(.got.plt)
 *(.got)
 *(.data1)
 *(.data .data.* .gnu.linkonce.d.*)
 .data          0x000000000081b62c        0x0 ../Lab2_WAVE_PLAYER_bsp//obj/HAL/src/crt0.o
 .data          0x000000000081b62c        0x0 obj/default/fatfs.o
 .data          0x000000000081b62c        0x0 obj/default/fatfs_diskio.o
 .data          0x000000000081b62c        0x0 obj/default/fatfs_nios2_de0_nano_spi.o
 .data          0x000000000081b62c        0x0 obj/default/fatfs_nios2_de1_pio.o
 .data          0x000000000081b62c        0x0 obj/default/fatfs_nios2_de1_spi.o
 .data          0x000000000081b62c        0x0 obj/default/ff.o
 .data          0x000000000081b62c        0x0 obj/default/hello_world.o
 .data          0x000000000081b62c        0x0 obj/default/monitor.o
 .data          0x000000000081b62c        0x0 obj/default/uart_nios2.o
 .data          0x000000000081b62c        0x0 c:/software/altera/15.1/nios2eds/bin/gnu/h-x86_64-mingw32/bin/../lib/gcc/nios2-elf/4.9.2\libgcc.a(lib2-divmod.o)
 .data          0x000000000081b62c        0x0 c:/software/altera/15.1/nios2eds/bin/gnu/h-x86_64-mingw32/bin/../lib/gcc/nios2-elf/4.9.2/../../../../../H-x86_64-mingw32/nios2-elf/lib\libc.a(lib_a-fopen.o)
 .data          0x000000000081b62c        0x0 c:/software/altera/15.1/nios2eds/bin/gnu/h-x86_64-mingw32/bin/../lib/gcc/nios2-elf/4.9.2/../../../../../H-x86_64-mingw32/nios2-elf/lib\libc.a(lib_a-fprintf.o)
 .data          0x000000000081b62c        0x0 c:/software/altera/15.1/nios2eds/bin/gnu/h-x86_64-mingw32/bin/../lib/gcc/nios2-elf/4.9.2/../../../../../H-x86_64-mingw32/nios2-elf/lib\libc.a(lib_a-fseek.o)
 .data          0x000000000081b62c        0x0 c:/software/altera/15.1/nios2eds/bin/gnu/h-x86_64-mingw32/bin/../lib/gcc/nios2-elf/4.9.2/../../../../../H-x86_64-mingw32/nios2-elf/lib\libc.a(lib_a-fseeko.o)
 .data          0x000000000081b62c        0x0 c:/software/altera/15.1/nios2eds/bin/gnu/h-x86_64-mingw32/bin/../lib/gcc/nios2-elf/4.9.2/../../../../../H-x86_64-mingw32/nios2-elf/lib\libc.a(lib_a-fstatr.o)
 .data          0x000000000081b62c        0x0 c:/software/altera/15.1/nios2eds/bin/gnu/h-x86_64-mingw32/bin/../lib/gcc/nios2-elf/4.9.2/../../../../../H-x86_64-mingw32/nios2-elf/lib\libc.a(lib_a-getc.o)
 .data          0x000000000081b62c        0x0 c:/software/altera/15.1/nios2eds/bin/gnu/h-x86_64-mingw32/bin/../lib/gcc/nios2-elf/4.9.2/../../../../../H-x86_64-mingw32/nios2-elf/lib\libc.a(lib_a-impure.o)
 .data.impure_data
                0x000000000081b62c      0x424 c:/software/altera/15.1/nios2eds/bin/gnu/h-x86_64-mingw32/bin/../lib/gcc/nios2-elf/4.9.2/../../../../../H-x86_64-mingw32/nios2-elf/lib\libc.a(lib_a-impure.o)
 .data          0x000000000081ba50        0x0 c:/software/altera/15.1/nios2eds/bin/gnu/h-x86_64-mingw32/bin/../lib/gcc/nios2-elf/4.9.2/../../../../../H-x86_64-mingw32/nios2-elf/lib\libc.a(lib_a-int_errno.o)
 .data          0x000000000081ba50        0x0 c:/software/altera/15.1/nios2eds/bin/gnu/h-x86_64-mingw32/bin/../lib/gcc/nios2-elf/4.9.2/../../../../../H-x86_64-mingw32/nios2-elf/lib\libc.a(lib_a-makebuf.o)
 .data          0x000000000081ba50        0x0 c:/software/altera/15.1/nios2eds/bin/gnu/h-x86_64-mingw32/bin/../lib/gcc/nios2-elf/4.9.2/../../../../../H-x86_64-mingw32/nios2-elf/lib\libc.a(lib_a-mallocr.o)
 .data.__malloc_av_
                0x000000000081ba50      0x408 c:/software/altera/15.1/nios2eds/bin/gnu/h-x86_64-mingw32/bin/../lib/gcc/nios2-elf/4.9.2/../../../../../H-x86_64-mingw32/nios2-elf/lib\libc.a(lib_a-mallocr.o)
                0x000000000081ba50                __malloc_av_
 .data          0x000000000081be58        0x0 c:/software/altera/15.1/nios2eds/bin/gnu/h-x86_64-mingw32/bin/../lib/gcc/nios2-elf/4.9.2/../../../../../H-x86_64-mingw32/nios2-elf/lib\libc.a(lib_a-memset.o)
 .data          0x000000000081be58        0x0 c:/software/altera/15.1/nios2eds/bin/gnu/h-x86_64-mingw32/bin/../lib/gcc/nios2-elf/4.9.2/../../../../../H-x86_64-mingw32/nios2-elf/lib\libc.a(lib_a-openr.o)
 .data          0x000000000081be58        0x0 c:/software/altera/15.1/nios2eds/bin/gnu/h-x86_64-mingw32/bin/../lib/gcc/nios2-elf/4.9.2/../../../../../H-x86_64-mingw32/nios2-elf/lib\libc.a(lib_a-putchar.o)
 .data          0x000000000081be58        0x0 c:/software/altera/15.1/nios2eds/bin/gnu/h-x86_64-mingw32/bin/../lib/gcc/nios2-elf/4.9.2/../../../../../H-x86_64-mingw32/nios2-elf/lib\libc.a(lib_a-refill.o)
 .data          0x000000000081be58        0x0 c:/software/altera/15.1/nios2eds/bin/gnu/h-x86_64-mingw32/bin/../lib/gcc/nios2-elf/4.9.2/../../../../../H-x86_64-mingw32/nios2-elf/lib\libc.a(lib_a-rget.o)
 .data          0x000000000081be58        0x0 c:/software/altera/15.1/nios2eds/bin/gnu/h-x86_64-mingw32/bin/../lib/gcc/nios2-elf/4.9.2/../../../../../H-x86_64-mingw32/nios2-elf/lib\libc.a(lib_a-sbrkr.o)
 .data          0x000000000081be58        0x0 c:/software/altera/15.1/nios2eds/bin/gnu/h-x86_64-mingw32/bin/../lib/gcc/nios2-elf/4.9.2/../../../../../H-x86_64-mingw32/nios2-elf/lib\libc.a(lib_a-stdio.o)
 .data          0x000000000081be58        0x0 c:/software/altera/15.1/nios2eds/bin/gnu/h-x86_64-mingw32/bin/../lib/gcc/nios2-elf/4.9.2/../../../../../H-x86_64-mingw32/nios2-elf/lib\libc.a(lib_a-strcmp.o)
 .data          0x000000000081be58        0x0 c:/software/altera/15.1/nios2eds/bin/gnu/h-x86_64-mingw32/bin/../lib/gcc/nios2-elf/4.9.2/../../../../../H-x86_64-mingw32/nios2-elf/lib\libc.a(lib_a-strcpy.o)
 .data          0x000000000081be58        0x0 c:/software/altera/15.1/nios2eds/bin/gnu/h-x86_64-mingw32/bin/../lib/gcc/nios2-elf/4.9.2/../../../../../H-x86_64-mingw32/nios2-elf/lib\libc.a(lib_a-vfprintf.o)
 .data          0x000000000081be58        0x0 c:/software/altera/15.1/nios2eds/bin/gnu/h-x86_64-mingw32/bin/../lib/gcc/nios2-elf/4.9.2/../../../../../H-x86_64-mingw32/nios2-elf/lib\libc.a(lib_a-writer.o)
 .data          0x000000000081be58        0x0 c:/software/altera/15.1/nios2eds/bin/gnu/h-x86_64-mingw32/bin/../lib/gcc/nios2-elf/4.9.2/../../../../../H-x86_64-mingw32/nios2-elf/lib\libc.a(lib_a-wsetup.o)
 .data          0x000000000081be58        0x0 c:/software/altera/15.1/nios2eds/bin/gnu/h-x86_64-mingw32/bin/../lib/gcc/nios2-elf/4.9.2/../../../../../H-x86_64-mingw32/nios2-elf/lib\libc.a(closer.o)
 .data          0x000000000081be58        0x0 c:/software/altera/15.1/nios2eds/bin/gnu/h-x86_64-mingw32/bin/../lib/gcc/nios2-elf/4.9.2/../../../../../H-x86_64-mingw32/nios2-elf/lib\libc.a(lib_a-dtoa.o)
 .data          0x000000000081be58        0x0 c:/software/altera/15.1/nios2eds/bin/gnu/h-x86_64-mingw32/bin/../lib/gcc/nios2-elf/4.9.2/../../../../../H-x86_64-mingw32/nios2-elf/lib\libc.a(lib_a-fflush.o)
 .data          0x000000000081be58        0x0 c:/software/altera/15.1/nios2eds/bin/gnu/h-x86_64-mingw32/bin/../lib/gcc/nios2-elf/4.9.2/../../../../../H-x86_64-mingw32/nios2-elf/lib\libc.a(lib_a-findfp.o)
 .data          0x000000000081be58        0x0 c:/software/altera/15.1/nios2eds/bin/gnu/h-x86_64-mingw32/bin/../lib/gcc/nios2-elf/4.9.2/../../../../../H-x86_64-mingw32/nios2-elf/lib\libc.a(lib_a-flags.o)
 .data          0x000000000081be58        0x0 c:/software/altera/15.1/nios2eds/bin/gnu/h-x86_64-mingw32/bin/../lib/gcc/nios2-elf/4.9.2/../../../../../H-x86_64-mingw32/nios2-elf/lib\libc.a(lib_a-freer.o)
 .data          0x000000000081be58        0x0 c:/software/altera/15.1/nios2eds/bin/gnu/h-x86_64-mingw32/bin/../lib/gcc/nios2-elf/4.9.2/../../../../../H-x86_64-mingw32/nios2-elf/lib\libc.a(lib_a-fwalk.o)
 .data          0x000000000081be58        0x0 c:/software/altera/15.1/nios2eds/bin/gnu/h-x86_64-mingw32/bin/../lib/gcc/nios2-elf/4.9.2/../../../../../H-x86_64-mingw32/nios2-elf/lib\libc.a(lib_a-isattyr.o)
 .data          0x000000000081be58        0x0 c:/software/altera/15.1/nios2eds/bin/gnu/h-x86_64-mingw32/bin/../lib/gcc/nios2-elf/4.9.2/../../../../../H-x86_64-mingw32/nios2-elf/lib\libc.a(lib_a-locale.o)
 .data.lc_message_charset
                0x000000000081be58       0x20 c:/software/altera/15.1/nios2eds/bin/gnu/h-x86_64-mingw32/bin/../lib/gcc/nios2-elf/4.9.2/../../../../../H-x86_64-mingw32/nios2-elf/lib\libc.a(lib_a-locale.o)
 .data.lc_ctype_charset
                0x000000000081be78       0x20 c:/software/altera/15.1/nios2eds/bin/gnu/h-x86_64-mingw32/bin/../lib/gcc/nios2-elf/4.9.2/../../../../../H-x86_64-mingw32/nios2-elf/lib\libc.a(lib_a-locale.o)
 .data.lconv    0x000000000081be98       0x38 c:/software/altera/15.1/nios2eds/bin/gnu/h-x86_64-mingw32/bin/../lib/gcc/nios2-elf/4.9.2/../../../../../H-x86_64-mingw32/nios2-elf/lib\libc.a(lib_a-locale.o)
 .data          0x000000000081bed0        0x0 c:/software/altera/15.1/nios2eds/bin/gnu/h-x86_64-mingw32/bin/../lib/gcc/nios2-elf/4.9.2/../../../../../H-x86_64-mingw32/nios2-elf/lib\libc.a(lib_a-lseekr.o)
 .data          0x000000000081bed0        0x0 c:/software/altera/15.1/nios2eds/bin/gnu/h-x86_64-mingw32/bin/../lib/gcc/nios2-elf/4.9.2/../../../../../H-x86_64-mingw32/nios2-elf/lib\libc.a(lib_a-memchr.o)
 .data          0x000000000081bed0        0x0 c:/software/altera/15.1/nios2eds/bin/gnu/h-x86_64-mingw32/bin/../lib/gcc/nios2-elf/4.9.2/../../../../../H-x86_64-mingw32/nios2-elf/lib\libc.a(lib_a-memcpy.o)
 .data          0x000000000081bed0        0x0 c:/software/altera/15.1/nios2eds/bin/gnu/h-x86_64-mingw32/bin/../lib/gcc/nios2-elf/4.9.2/../../../../../H-x86_64-mingw32/nios2-elf/lib\libc.a(lib_a-mprec.o)
 .data          0x000000000081bed0        0x0 c:/software/altera/15.1/nios2eds/bin/gnu/h-x86_64-mingw32/bin/../lib/gcc/nios2-elf/4.9.2/../../../../../H-x86_64-mingw32/nios2-elf/lib\libc.a(lib_a-putc.o)
 .data          0x000000000081bed0        0x0 c:/software/altera/15.1/nios2eds/bin/gnu/h-x86_64-mingw32/bin/../lib/gcc/nios2-elf/4.9.2/../../../../../H-x86_64-mingw32/nios2-elf/lib\libc.a(lib_a-readr.o)
 .data          0x000000000081bed0        0x0 c:/software/altera/15.1/nios2eds/bin/gnu/h-x86_64-mingw32/bin/../lib/gcc/nios2-elf/4.9.2/../../../../../H-x86_64-mingw32/nios2-elf/lib\libc.a(lib_a-s_fpclassify.o)
 .data          0x000000000081bed0        0x0 c:/software/altera/15.1/nios2eds/bin/gnu/h-x86_64-mingw32/bin/../lib/gcc/nios2-elf/4.9.2/../../../../../H-x86_64-mingw32/nios2-elf/lib\libc.a(lib_a-strlen.o)
 .data          0x000000000081bed0        0x0 c:/software/altera/15.1/nios2eds/bin/gnu/h-x86_64-mingw32/bin/../lib/gcc/nios2-elf/4.9.2/../../../../../H-x86_64-mingw32/nios2-elf/lib\libc.a(lib_a-vfiprintf.o)
 .data          0x000000000081bed0        0x0 c:/software/altera/15.1/nios2eds/bin/gnu/h-x86_64-mingw32/bin/../lib/gcc/nios2-elf/4.9.2/../../../../../H-x86_64-mingw32/nios2-elf/lib\libc.a(lib_a-wbuf.o)
 .data          0x000000000081bed0        0x0 c:/software/altera/15.1/nios2eds/bin/gnu/h-x86_64-mingw32/bin/../lib/gcc/nios2-elf/4.9.2/../../../../../H-x86_64-mingw32/nios2-elf/lib\libc.a(lib_a-callocr.o)
 .data          0x000000000081bed0        0x0 c:/software/altera/15.1/nios2eds/bin/gnu/h-x86_64-mingw32/bin/../lib/gcc/nios2-elf/4.9.2/../../../../../H-x86_64-mingw32/nios2-elf/lib\libc.a(lib_a-fclose.o)
 .data          0x000000000081bed0        0x0 c:/software/altera/15.1/nios2eds/bin/gnu/h-x86_64-mingw32/bin/../lib/gcc/nios2-elf/4.9.2/../../../../../H-x86_64-mingw32/nios2-elf/lib\libc.a(lib_a-fputwc.o)
 .data          0x000000000081bed0        0x0 c:/software/altera/15.1/nios2eds/bin/gnu/h-x86_64-mingw32/bin/../lib/gcc/nios2-elf/4.9.2/../../../../../H-x86_64-mingw32/nios2-elf/lib\libc.a(lib_a-fvwrite.o)
 .data          0x000000000081bed0        0x0 c:/software/altera/15.1/nios2eds/bin/gnu/h-x86_64-mingw32/bin/../lib/gcc/nios2-elf/4.9.2/../../../../../H-x86_64-mingw32/nios2-elf/lib\libc.a(lib_a-memmove.o)
 .data          0x000000000081bed0        0x0 c:/software/altera/15.1/nios2eds/bin/gnu/h-x86_64-mingw32/bin/../lib/gcc/nios2-elf/4.9.2/../../../../../H-x86_64-mingw32/nios2-elf/lib\libc.a(lib_a-reallocr.o)
 .data          0x000000000081bed0        0x0 c:/software/altera/15.1/nios2eds/bin/gnu/h-x86_64-mingw32/bin/../lib/gcc/nios2-elf/4.9.2/../../../../../H-x86_64-mingw32/nios2-elf/lib\libc.a(lib_a-wcrtomb.o)
 .data          0x000000000081bed0        0x0 c:/software/altera/15.1/nios2eds/bin/gnu/h-x86_64-mingw32/bin/../lib/gcc/nios2-elf/4.9.2/../../../../../H-x86_64-mingw32/nios2-elf/lib\libc.a(lib_a-wctomb_r.o)
 .data          0x000000000081bed0        0x0 c:/software/altera/15.1/nios2eds/bin/gnu/h-x86_64-mingw32/bin/../lib/gcc/nios2-elf/4.9.2\libgcc.a(_udivdi3.o)
 .data          0x000000000081bed0        0x0 c:/software/altera/15.1/nios2eds/bin/gnu/h-x86_64-mingw32/bin/../lib/gcc/nios2-elf/4.9.2\libgcc.a(_umoddi3.o)
 .data          0x000000000081bed0        0x0 c:/software/altera/15.1/nios2eds/bin/gnu/h-x86_64-mingw32/bin/../lib/gcc/nios2-elf/4.9.2\libgcc.a(adddf3.o)
 .data          0x000000000081bed0        0x0 c:/software/altera/15.1/nios2eds/bin/gnu/h-x86_64-mingw32/bin/../lib/gcc/nios2-elf/4.9.2\libgcc.a(divdf3.o)
 .data          0x000000000081bed0        0x0 c:/software/altera/15.1/nios2eds/bin/gnu/h-x86_64-mingw32/bin/../lib/gcc/nios2-elf/4.9.2\libgcc.a(eqdf2.o)
 .data          0x000000000081bed0        0x0 c:/software/altera/15.1/nios2eds/bin/gnu/h-x86_64-mingw32/bin/../lib/gcc/nios2-elf/4.9.2\libgcc.a(gedf2.o)
 .data          0x000000000081bed0        0x0 c:/software/altera/15.1/nios2eds/bin/gnu/h-x86_64-mingw32/bin/../lib/gcc/nios2-elf/4.9.2\libgcc.a(ledf2.o)
 .data          0x000000000081bed0        0x0 c:/software/altera/15.1/nios2eds/bin/gnu/h-x86_64-mingw32/bin/../lib/gcc/nios2-elf/4.9.2\libgcc.a(muldf3.o)
 .data          0x000000000081bed0        0x0 c:/software/altera/15.1/nios2eds/bin/gnu/h-x86_64-mingw32/bin/../lib/gcc/nios2-elf/4.9.2\libgcc.a(subdf3.o)
 .data          0x000000000081bed0        0x0 c:/software/altera/15.1/nios2eds/bin/gnu/h-x86_64-mingw32/bin/../lib/gcc/nios2-elf/4.9.2\libgcc.a(fixdfsi.o)
 .data          0x000000000081bed0        0x0 c:/software/altera/15.1/nios2eds/bin/gnu/h-x86_64-mingw32/bin/../lib/gcc/nios2-elf/4.9.2\libgcc.a(floatsidf.o)
 .data          0x000000000081bed0        0x0 c:/software/altera/15.1/nios2eds/bin/gnu/h-x86_64-mingw32/bin/../lib/gcc/nios2-elf/4.9.2\libgcc.a(floatunsidf.o)
 .data          0x000000000081bed0        0x0 c:/software/altera/15.1/nios2eds/bin/gnu/h-x86_64-mingw32/bin/../lib/gcc/nios2-elf/4.9.2\libgcc.a(_clz.o)
 .data          0x000000000081bed0        0x0 c:/software/altera/15.1/nios2eds/bin/gnu/h-x86_64-mingw32/bin/../lib/gcc/nios2-elf/4.9.2\libgcc.a(_clzsi2.o)
 .data          0x000000000081bed0        0x0 ../Lab2_WAVE_PLAYER_bsp/\libhal_bsp.a(alt_alarm_start.o)
 .data          0x000000000081bed0        0x0 ../Lab2_WAVE_PLAYER_bsp/\libhal_bsp.a(alt_close.o)
 .data          0x000000000081bed0      0x1a8 ../Lab2_WAVE_PLAYER_bsp/\libhal_bsp.a(alt_dev.o)
                0x000000000081bed0                alt_dev_null
                0x000000000081bef8                alt_fd_list
 .data          0x000000000081c078        0x0 ../Lab2_WAVE_PLAYER_bsp/\libhal_bsp.a(alt_errno.o)
 .data          0x000000000081c078        0x0 ../Lab2_WAVE_PLAYER_bsp/\libhal_bsp.a(alt_fstat.o)
 .data          0x000000000081c078        0x0 ../Lab2_WAVE_PLAYER_bsp/\libhal_bsp.a(alt_irq_register.o)
 .data          0x000000000081c078        0x0 ../Lab2_WAVE_PLAYER_bsp/\libhal_bsp.a(alt_irq_vars.o)
 .data          0x000000000081c078        0x0 ../Lab2_WAVE_PLAYER_bsp/\libhal_bsp.a(alt_isatty.o)
 .data          0x000000000081c078        0x0 ../Lab2_WAVE_PLAYER_bsp/\libhal_bsp.a(alt_load.o)
 .data          0x000000000081c078        0x0 ../Lab2_WAVE_PLAYER_bsp/\libhal_bsp.a(alt_lseek.o)
 .data          0x000000000081c078        0x0 ../Lab2_WAVE_PLAYER_bsp/\libhal_bsp.a(alt_main.o)
 .data          0x000000000081c078        0x0 ../Lab2_WAVE_PLAYER_bsp/\libhal_bsp.a(alt_malloc_lock.o)
 .data          0x000000000081c078        0x0 ../Lab2_WAVE_PLAYER_bsp/\libhal_bsp.a(alt_open.o)
 .data          0x000000000081c078        0x0 ../Lab2_WAVE_PLAYER_bsp/\libhal_bsp.a(alt_printf.o)
 .data          0x000000000081c078        0x0 ../Lab2_WAVE_PLAYER_bsp/\libhal_bsp.a(alt_putchar.o)
 .data          0x000000000081c078        0x0 ../Lab2_WAVE_PLAYER_bsp/\libhal_bsp.a(alt_read.o)
 .data          0x000000000081c078        0x0 ../Lab2_WAVE_PLAYER_bsp/\libhal_bsp.a(alt_release_fd.o)
 .data          0x000000000081c078        0x0 ../Lab2_WAVE_PLAYER_bsp/\libhal_bsp.a(alt_sbrk.o)
 .data          0x000000000081c078        0x0 ../Lab2_WAVE_PLAYER_bsp/\libhal_bsp.a(alt_tick.o)
 .data          0x000000000081c078        0x0 ../Lab2_WAVE_PLAYER_bsp/\libhal_bsp.a(alt_write.o)
 .data          0x000000000081c078      0x270 ../Lab2_WAVE_PLAYER_bsp/\libhal_bsp.a(alt_sys_init.o)
 .data          0x000000000081c2e8        0x0 ../Lab2_WAVE_PLAYER_bsp/\libhal_bsp.a(altera_avalon_jtag_uart_fd.o)
 .data          0x000000000081c2e8        0x0 ../Lab2_WAVE_PLAYER_bsp/\libhal_bsp.a(altera_avalon_jtag_uart_read.o)
 .data          0x000000000081c2e8        0x0 ../Lab2_WAVE_PLAYER_bsp/\libhal_bsp.a(altera_avalon_jtag_uart_write.o)
 .data          0x000000000081c2e8        0x0 ../Lab2_WAVE_PLAYER_bsp/\libhal_bsp.a(altera_avalon_lcd_16207.o)
 .data          0x000000000081c2e8        0x0 ../Lab2_WAVE_PLAYER_bsp/\libhal_bsp.a(altera_avalon_lcd_16207_fd.o)
 .data          0x000000000081c2e8        0x0 ../Lab2_WAVE_PLAYER_bsp/\libhal_bsp.a(altera_avalon_timer_sc.o)
 .data          0x000000000081c2e8        0x0 ../Lab2_WAVE_PLAYER_bsp/\libhal_bsp.a(altera_avalon_uart_fd.o)
 .data          0x000000000081c2e8        0x0 ../Lab2_WAVE_PLAYER_bsp/\libhal_bsp.a(altera_avalon_uart_init.o)
 .data          0x000000000081c2e8        0x0 ../Lab2_WAVE_PLAYER_bsp/\libhal_bsp.a(altera_avalon_uart_read.o)
 .data          0x000000000081c2e8        0x0 ../Lab2_WAVE_PLAYER_bsp/\libhal_bsp.a(altera_avalon_uart_write.o)
 .data          0x000000000081c2e8        0x0 ../Lab2_WAVE_PLAYER_bsp/\libhal_bsp.a(altera_up_avalon_audio.o)
 .data          0x000000000081c2e8        0x0 ../Lab2_WAVE_PLAYER_bsp/\libhal_bsp.a(alt_dcache_flush_all.o)
 .data          0x000000000081c2e8        0x0 ../Lab2_WAVE_PLAYER_bsp/\libhal_bsp.a(alt_dev_llist_insert.o)
 .data          0x000000000081c2e8        0x0 ../Lab2_WAVE_PLAYER_bsp/\libhal_bsp.a(alt_do_ctors.o)
 .data          0x000000000081c2e8        0x0 ../Lab2_WAVE_PLAYER_bsp/\libhal_bsp.a(alt_do_dtors.o)
 .data          0x000000000081c2e8        0x0 ../Lab2_WAVE_PLAYER_bsp/\libhal_bsp.a(alt_find_dev.o)
 .data          0x000000000081c2e8        0x0 ../Lab2_WAVE_PLAYER_bsp/\libhal_bsp.a(alt_find_file.o)
 .data          0x000000000081c2e8        0x0 ../Lab2_WAVE_PLAYER_bsp/\libhal_bsp.a(alt_get_fd.o)
 .data          0x000000000081c2e8        0x0 ../Lab2_WAVE_PLAYER_bsp/\libhal_bsp.a(alt_icache_flush_all.o)
 .data          0x000000000081c2e8        0x0 ../Lab2_WAVE_PLAYER_bsp/\libhal_bsp.a(alt_io_redirect.o)
 .data          0x000000000081c2e8        0x0 ../Lab2_WAVE_PLAYER_bsp/\libhal_bsp.a(alt_irq_entry.o)
 .data          0x000000000081c2e8        0x0 ../Lab2_WAVE_PLAYER_bsp/\libhal_bsp.a(alt_irq_handler.o)
 .data          0x000000000081c2e8        0x0 ../Lab2_WAVE_PLAYER_bsp/\libhal_bsp.a(alt_usleep.o)
 .data          0x000000000081c2e8        0x0 ../Lab2_WAVE_PLAYER_bsp/\libhal_bsp.a(altera_nios2_gen2_irq.o)
 .data          0x000000000081c2e8        0x0 ../Lab2_WAVE_PLAYER_bsp/\libhal_bsp.a(alt_busy_sleep.o)
 .data          0x000000000081c2e8        0x0 ../Lab2_WAVE_PLAYER_bsp/\libhal_bsp.a(alt_exception_entry.o)
 .data          0x000000000081c2e8        0x0 ../Lab2_WAVE_PLAYER_bsp/\libhal_bsp.a(alt_icache_flush.o)
 .data          0x000000000081c2e8        0x0 ../Lab2_WAVE_PLAYER_bsp/\libhal_bsp.a(alt_instruction_exception_entry.o)
 .data          0x000000000081c2e8        0x0 c:/software/altera/15.1/nios2eds/bin/gnu/h-x86_64-mingw32/bin/../lib/gcc/nios2-elf/4.9.2/../../../../../H-x86_64-mingw32/nios2-elf/lib\libc.a(lib_a-atexit.o)